Archive member included to satisfy reference by file (symbol)

C:/SysGCC/arm-eabi/bin/../lib/gcc/arm-none-eabi/13.3.1/thumb/v6-m/nofp\libc_nano.a(libc_a-exit.o)
                              C:/SysGCC/arm-eabi/bin/../lib/gcc/arm-none-eabi/13.3.1/thumb/v6-m/nofp/crt0.o (exit)
C:/SysGCC/arm-eabi/bin/../lib/gcc/arm-none-eabi/13.3.1/thumb/v6-m/nofp\libc_nano.a(libc_a-findfp.o)
                              C:/SysGCC/arm-eabi/bin/../lib/gcc/arm-none-eabi/13.3.1/thumb/v6-m/nofp\libc_nano.a(libc_a-exit.o) (__stdio_exit_handler)
C:/SysGCC/arm-eabi/bin/../lib/gcc/arm-none-eabi/13.3.1/thumb/v6-m/nofp\libc_nano.a(libc_a-fwalk.o)
                              C:/SysGCC/arm-eabi/bin/../lib/gcc/arm-none-eabi/13.3.1/thumb/v6-m/nofp\libc_nano.a(libc_a-findfp.o) (_fwalk_sglue)
C:/SysGCC/arm-eabi/bin/../lib/gcc/arm-none-eabi/13.3.1/thumb/v6-m/nofp\libc_nano.a(libc_a-sprintf.o)
                              build/main.o (sprintf)
C:/SysGCC/arm-eabi/bin/../lib/gcc/arm-none-eabi/13.3.1/thumb/v6-m/nofp\libc_nano.a(libc_a-stdio.o)
                              C:/SysGCC/arm-eabi/bin/../lib/gcc/arm-none-eabi/13.3.1/thumb/v6-m/nofp\libc_nano.a(libc_a-findfp.o) (__sread)
C:/SysGCC/arm-eabi/bin/../lib/gcc/arm-none-eabi/13.3.1/thumb/v6-m/nofp\libc_nano.a(libc_a-memset.o)
                              C:/SysGCC/arm-eabi/bin/../lib/gcc/arm-none-eabi/13.3.1/thumb/v6-m/nofp/crt0.o (memset)
C:/SysGCC/arm-eabi/bin/../lib/gcc/arm-none-eabi/13.3.1/thumb/v6-m/nofp\libc_nano.a(libc_a-closer.o)
                              C:/SysGCC/arm-eabi/bin/../lib/gcc/arm-none-eabi/13.3.1/thumb/v6-m/nofp\libc_nano.a(libc_a-stdio.o) (_close_r)
C:/SysGCC/arm-eabi/bin/../lib/gcc/arm-none-eabi/13.3.1/thumb/v6-m/nofp\libc_nano.a(libc_a-reent.o)
                              C:/SysGCC/arm-eabi/bin/../lib/gcc/arm-none-eabi/13.3.1/thumb/v6-m/nofp\libc_nano.a(libc_a-closer.o) (errno)
C:/SysGCC/arm-eabi/bin/../lib/gcc/arm-none-eabi/13.3.1/thumb/v6-m/nofp\libc_nano.a(libc_a-impure.o)
                              C:/SysGCC/arm-eabi/bin/../lib/gcc/arm-none-eabi/13.3.1/thumb/v6-m/nofp\libc_nano.a(libc_a-sprintf.o) (_impure_ptr)
C:/SysGCC/arm-eabi/bin/../lib/gcc/arm-none-eabi/13.3.1/thumb/v6-m/nofp\libc_nano.a(libc_a-lseekr.o)
                              C:/SysGCC/arm-eabi/bin/../lib/gcc/arm-none-eabi/13.3.1/thumb/v6-m/nofp\libc_nano.a(libc_a-stdio.o) (_lseek_r)
C:/SysGCC/arm-eabi/bin/../lib/gcc/arm-none-eabi/13.3.1/thumb/v6-m/nofp\libc_nano.a(libc_a-readr.o)
                              C:/SysGCC/arm-eabi/bin/../lib/gcc/arm-none-eabi/13.3.1/thumb/v6-m/nofp\libc_nano.a(libc_a-stdio.o) (_read_r)
C:/SysGCC/arm-eabi/bin/../lib/gcc/arm-none-eabi/13.3.1/thumb/v6-m/nofp\libc_nano.a(libc_a-writer.o)
                              C:/SysGCC/arm-eabi/bin/../lib/gcc/arm-none-eabi/13.3.1/thumb/v6-m/nofp\libc_nano.a(libc_a-stdio.o) (_write_r)
C:/SysGCC/arm-eabi/bin/../lib/gcc/arm-none-eabi/13.3.1/thumb/v6-m/nofp\libc_nano.a(libc_a-init.o)
                              C:/SysGCC/arm-eabi/bin/../lib/gcc/arm-none-eabi/13.3.1/thumb/v6-m/nofp/crt0.o (__libc_init_array)
C:/SysGCC/arm-eabi/bin/../lib/gcc/arm-none-eabi/13.3.1/thumb/v6-m/nofp\libc_nano.a(libc_a-lock.o)
                              C:/SysGCC/arm-eabi/bin/../lib/gcc/arm-none-eabi/13.3.1/thumb/v6-m/nofp\libc_nano.a(libc_a-findfp.o) (__retarget_lock_init_recursive)
C:/SysGCC/arm-eabi/bin/../lib/gcc/arm-none-eabi/13.3.1/thumb/v6-m/nofp\libc_nano.a(libc_a-freer.o)
                              C:/SysGCC/arm-eabi/bin/../lib/gcc/arm-none-eabi/13.3.1/thumb/v6-m/nofp\libc_nano.a(libc_a-reent.o) (_free_r)
C:/SysGCC/arm-eabi/bin/../lib/gcc/arm-none-eabi/13.3.1/thumb/v6-m/nofp\libc_nano.a(libc_a-mallocr.o)
                              C:/SysGCC/arm-eabi/bin/../lib/gcc/arm-none-eabi/13.3.1/thumb/v6-m/nofp\libc_nano.a(libc_a-findfp.o) (_malloc_r)
C:/SysGCC/arm-eabi/bin/../lib/gcc/arm-none-eabi/13.3.1/thumb/v6-m/nofp\libc_nano.a(libc_a-mlock.o)
                              C:/SysGCC/arm-eabi/bin/../lib/gcc/arm-none-eabi/13.3.1/thumb/v6-m/nofp\libc_nano.a(libc_a-freer.o) (__malloc_lock)
C:/SysGCC/arm-eabi/bin/../lib/gcc/arm-none-eabi/13.3.1/thumb/v6-m/nofp\libc_nano.a(libc_a-nano-svfprintf.o)
                              C:/SysGCC/arm-eabi/bin/../lib/gcc/arm-none-eabi/13.3.1/thumb/v6-m/nofp\libc_nano.a(libc_a-sprintf.o) (_svfprintf_r)
C:/SysGCC/arm-eabi/bin/../lib/gcc/arm-none-eabi/13.3.1/thumb/v6-m/nofp\libc_nano.a(libc_a-nano-vfprintf_i.o)
                              C:/SysGCC/arm-eabi/bin/../lib/gcc/arm-none-eabi/13.3.1/thumb/v6-m/nofp\libc_nano.a(libc_a-nano-svfprintf.o) (_printf_i)
C:/SysGCC/arm-eabi/bin/../lib/gcc/arm-none-eabi/13.3.1/thumb/v6-m/nofp\libc_nano.a(libc_a-fflush.o)
                              C:/SysGCC/arm-eabi/bin/../lib/gcc/arm-none-eabi/13.3.1/thumb/v6-m/nofp\libc_nano.a(libc_a-findfp.o) (_fflush_r)
C:/SysGCC/arm-eabi/bin/../lib/gcc/arm-none-eabi/13.3.1/thumb/v6-m/nofp\libc_nano.a(libc_a-memmove.o)
[...]
Memory Configuration

Name             Origin             Length             Attributes
RAM              0x20000000         0x00004000         xrw
FLASH            0x08000000         0x00020000         xr
*default*        0x00000000         0xffffffff

Linker script and memory map

LOAD C:/SysGCC/arm-eabi/bin/../lib/gcc/arm-none-eabi/13.3.1/thumb/v6-m/nofp/crti.o
LOAD C:/SysGCC/arm-eabi/bin/../lib/gcc/arm-none-eabi/13.3.1/thumb/v6-m/nofp/crtbegin.o
LOAD C:/SysGCC/arm-eabi/bin/../lib/gcc/arm-none-eabi/13.3.1/thumb/v6-m/nofp/crt0.o
LOAD build/stm32f0xx_it.o
LOAD build/stm32f0xx_hal_msp.o
LOAD build/stm32f0xx_hal_adc.o
LOAD build/stm32f0xx_hal_adc_ex.o
LOAD build/stm32f0xx_hal_i2c.o
LOAD build/stm32f0xx_hal_i2c_ex.o
LOAD build/stm32f0xx_hal_iwdg.o
LOAD build/stm32f0xx_hal_tim.o
LOAD build/stm32f0xx_hal_tim_ex.o
LOAD build/stm32f0xx_hal_pcd.o
LOAD build/stm32f0xx_hal_pcd_ex.o
LOAD build/stm32f0xx_hal_rcc.o
LOAD build/stm32f0xx_hal_rcc_ex.o
LOAD build/stm32f0xx_hal.o
LOAD build/stm32f0xx_hal_gpio.o
LOAD build/stm32f0xx_hal_dma.o
LOAD build/stm32f0xx_hal_cortex.o
LOAD build/stm32f0xx_hal_pwr.o
LOAD build/stm32f0xx_hal_pwr_ex.o
LOAD build/stm32f0xx_hal_flash.o
LOAD build/stm32f0xx_hal_flash_ex.o
LOAD build/usbd_core.o
LOAD build/usbd_ctlreq.o
LOAD build/usbd_ioreq.o
LOAD build/usbd_cdc.o
LOAD build/usbd_desc.o
LOAD build/usbd_conf.o
LOAD build/usbd_cdc_interface.o
LOAD build/main.o
LOAD build/stusb4500.o
LOAD build/system_stm32f0xx.o
LOAD build/startup_stm32f072xb.o
LOAD C:/SysGCC/arm-eabi/bin/../lib/gcc/arm-none-eabi/13.3.1/thumb/v6-m/nofp\libc_nano.a
LOAD C:/SysGCC/arm-eabi/bin/../lib/gcc/arm-none-eabi/13.3.1/thumb/v6-m/nofp\libm.a
LOAD C:/SysGCC/arm-eabi/bin/../lib/gcc/arm-none-eabi/13.3.1/thumb/v6-m/nofp\libnosys.a
START GROUP
LOAD C:/SysGCC/arm-eabi/bin/../lib/gcc/arm-none-eabi/13.3.1/thumb/v6-m/nofp\libgcc.a
LOAD C:/SysGCC/arm-eabi/bin/../lib/gcc/arm-none-eabi/13.3.1/thumb/v6-m/nofp\libc_nano.a
END GROUP
START GROUP
LOAD C:/SysGCC/arm-eabi/bin/../lib/gcc/arm-none-eabi/13.3.1/thumb/v6-m/nofp\libgcc.a
LOAD C:/SysGCC/arm-eabi/bin/../lib/gcc/arm-none-eabi/13.3.1/thumb/v6-m/nofp\libc_nano.a
END GROUP
LOAD C:/SysGCC/arm-eabi/bin/../lib/gcc/arm-none-eabi/13.3.1/thumb/v6-m/nofp/crtend.o
LOAD C:/SysGCC/arm-eabi/bin/../lib/gcc/arm-none-eabi/13.3.1/thumb/v6-m/nofp/crtn.o
                0x20004000                        _estack = 0x20004000
                0x00000200                        _Min_Heap_Size = 0x200
                0x00000400                        _Min_Stack_Size = 0x400

.isr_vector     0x08000000       0xc0
                0x08000000                        . = ALIGN (0x4)
 *(.isr_vector)
 .isr_vector    0x08000000       0xc0 build/startup_stm32f072xb.o
                0x08000000                g_pfnVectors
                0x080000c0                        . = ALIGN (0x4)

.text           0x080000c0     0x8dbc
                0x080000c0                        . = ALIGN (0x4)
 *(.text)
 .text          0x080000c0       0x14 C:/SysGCC/arm-eabi/bin/../lib/gcc/arm-none-eabi/13.3.1/thumb/v6-m/nofp\libgcc.a(_thumb1_case_shi.o)
                0x080000c0                __gnu_thumb1_case_shi
 .text          0x080000d4      0x114 C:/SysGCC/arm-eabi/bin/../lib/gcc/arm-none-eabi/13.3.1/thumb/v6-m/nofp\libgcc.a(_udivsi3.o)
                0x080000d4                __aeabi_uidiv
                0x080000d4                __udivsi3
                0x080001e0                __aeabi_uidivmod
 .text          0x080001e8        0x4 C:/SysGCC/arm-eabi/bin/../lib/gcc/arm-none-eabi/13.3.1/thumb/v6-m/nofp\libgcc.a(_dvmd_tls.o)
                0x080001e8                __aeabi_idiv0
                0x080001e8                __aeabi_ldiv0
 .text          0x080001ec       0x7c C:/SysGCC/arm-eabi/bin/../lib/gcc/arm-none-eabi/13.3.1/thumb/v6-m/nofp\libgcc.a(_arm_cmpdf2.o)
                0x080001ec                __aeabi_cdrcmple
                0x080001fc                __aeabi_cdcmple
                0x080001fc                __aeabi_cdcmpeq
                0x0800020c                __aeabi_dcmpeq
                0x08000218                __aeabi_dcmplt
                0x0800022c                __aeabi_dcmple
                0x08000240                __aeabi_dcmpgt
                0x08000254                __aeabi_dcmpge
 .text          0x08000268       0x74 C:/SysGCC/arm-eabi/bin/../lib/gcc/arm-none-eabi/13.3.1/thumb/v6-m/nofp\libgcc.a(_arm_cmpsf2.o)
                0x08000268                __aeabi_cfrcmple
                0x08000270                __aeabi_cfcmpeq
                0x08000270                __aeabi_cfcmple
                0x08000280                __aeabi_fcmpeq
                0x0800028c                __aeabi_fcmplt
                0x080002a0                __aeabi_fcmple
                0x080002b4                __aeabi_fcmpgt
                0x080002c8                __aeabi_fcmpge
 .text          0x080002dc       0x3c C:/SysGCC/arm-eabi/bin/../lib/gcc/arm-none-eabi/13.3.1/thumb/v6-m/nofp\libgcc.a(_clzsi2.o)
                0x080002dc                __clzsi2
 *(.text*)
 .text.deregister_tm_clones
                0x08000318       0x20 C:/SysGCC/arm-eabi/bin/../lib/gcc/arm-none-eabi/13.3.1/thumb/v6-m/nofp/crtbegin.o
 .text.register_tm_clones
                0x08000338       0x28 C:/SysGCC/arm-eabi/bin/../lib/gcc/arm-none-eabi/13.3.1/thumb/v6-m/nofp/crtbegin.o
 .text.__do_global_dtors_aux
                0x08000360       0x2c C:/SysGCC/arm-eabi/bin/../lib/gcc/arm-none-eabi/13.3.1/thumb/v6-m/nofp/crtbegin.o
 .text.frame_dummy
                0x0800038c       0x24 C:/SysGCC/arm-eabi/bin/../lib/gcc/arm-none-eabi/13.3.1/thumb/v6-m/nofp/crtbegin.o
 .text.NMI_Handler
                0x080003b0        0x2 build/stm32f0xx_it.o
                0x080003b0                NMI_Handler
 .text.HardFault_Handler
                0x080003b2        0x2 build/stm32f0xx_it.o
                0x080003b2                HardFault_Handler
 .text.SVC_Handler
                0x080003b4        0x2 build/stm32f0xx_it.o
                0x080003b4                SVC_Handler
 .text.PendSV_Handler
                0x080003b6        0x2 build/stm32f0xx_it.o
                0x080003b6                PendSV_Handler
 .text.SysTick_Handler
                0x080003b8        0x8 build/stm32f0xx_it.o
                0x080003b8                SysTick_Handler
 .text.USB_IRQHandler
                0x080003c0       0x10 build/stm32f0xx_it.o
                0x080003c0                USB_IRQHandler
 .text.ADC1_COMP_IRQHandler
                0x080003d0       0x10 build/stm32f0xx_it.o
                0x080003d0                ADC1_COMP_IRQHandler
 .text.DMA1_Channel1_IRQHandler
                0x080003e0       0x14 build/stm32f0xx_it.o
                0x080003e0                DMA1_Channel1_IRQHandler
 .text.TIM1_BRK_UP_TRG_COM_IRQHandler
                0x080003f4       0x10 build/stm32f0xx_it.o
                0x080003f4                TIM1_BRK_UP_TRG_COM_IRQHandler
 .text.TIM1_CC_IRQHandler
                0x08000404       0x10 build/stm32f0xx_it.o
                0x08000404                TIM1_CC_IRQHandler
 .text.TIM3_IRQHandler
                0x08000414       0x10 build/stm32f0xx_it.o
                0x08000414                TIM3_IRQHandler
 .text.HAL_MspInit
                0x08000424       0x30 build/stm32f0xx_hal_msp.o
                0x08000424                HAL_MspInit
 .text.HAL_ADC_MspInit
                0x08000454       0x94 build/stm32f0xx_hal_msp.o
                0x08000454                HAL_ADC_MspInit
 .text.HAL_I2C_MspInit
                0x080004e8       0xb8 build/stm32f0xx_hal_msp.o
                0x080004e8                HAL_I2C_MspInit
 .text.HAL_TIM_PWM_MspInit
                0x080005a0       0x50 build/stm32f0xx_hal_msp.o
                0x080005a0                HAL_TIM_PWM_MspInit
 .text.HAL_TIM_MspPostInit
                0x080005f0       0x64 build/stm32f0xx_hal_msp.o
                0x080005f0                HAL_TIM_MspPostInit
 .text.ADC_Enable
                0x08000654       0xa8 build/stm32f0xx_hal_adc.o
 .text.HAL_ADC_Init
                0x080006fc      0x180 build/stm32f0xx_hal_adc.o
                0x080006fc                HAL_ADC_Init
 .text.HAL_ADC_Start_DMA
                0x0800087c       0xa8 build/stm32f0xx_hal_adc.o
                0x0800087c                HAL_ADC_Start_DMA
 .text.HAL_ADC_ConvCpltCallback
                0x08000924        0x2 build/stm32f0xx_hal_adc.o
                0x08000924                HAL_ADC_ConvCpltCallback
 *fill*         0x08000926        0x2 
 .text.ADC_DMAConvCplt
                0x08000928       0x70 build/stm32f0xx_hal_adc.o
 .text.HAL_ADC_ConvHalfCpltCallback
                0x08000998        0x2 build/stm32f0xx_hal_adc.o
                0x08000998                HAL_ADC_ConvHalfCpltCallback
 .text.ADC_DMAHalfConvCplt
                0x0800099a        0xa build/stm32f0xx_hal_adc.o
 .text.HAL_ADC_LevelOutOfWindowCallback
                0x080009a4        0x2 build/stm32f0xx_hal_adc.o
                0x080009a4                HAL_ADC_LevelOutOfWindowCallback
 .text.HAL_ADC_ErrorCallback
                0x080009a6        0x2 build/stm32f0xx_hal_adc.o
                0x080009a6                HAL_ADC_ErrorCallback
 .text.ADC_DMAError
                0x080009a8       0x1a build/stm32f0xx_hal_adc.o
 *fill*         0x080009c2        0x2 
 .text.HAL_ADC_IRQHandler
                0x080009c4       0xdc build/stm32f0xx_hal_adc.o
                0x080009c4                HAL_ADC_IRQHandler
 .text.HAL_ADC_ConfigChannel
                0x08000aa0      0x138 build/stm32f0xx_hal_adc.o
                0x08000aa0                HAL_ADC_ConfigChannel
 .text.I2C_Flush_TXDR
                0x08000bd8       0x1e build/stm32f0xx_hal_i2c.o
 *fill*         0x08000bf6        0x2 
 .text.I2C_TransferConfig
                0x08000bf8       0x24 build/stm32f0xx_hal_i2c.o
 .text.I2C_IsAcknowledgeFailed
                0x08000c1c       0x78 build/stm32f0xx_hal_i2c.o
 .text.I2C_WaitOnTXISFlagUntilTimeout
                0x08000c94       0x52 build/stm32f0xx_hal_i2c.o
 .text.I2C_WaitOnFlagUntilTimeout
                0x08000ce6       0x4e build/stm32f0xx_hal_i2c.o
 .text.I2C_RequestMemoryWrite
                0x08000d34       0x88 build/stm32f0xx_hal_i2c.o
 .text.I2C_RequestMemoryRead
                0x08000dbc       0x84 build/stm32f0xx_hal_i2c.o
 .text.I2C_WaitOnSTOPFlagUntilTimeout
                0x08000e40       0x4e build/stm32f0xx_hal_i2c.o
 *fill*         0x08000e8e        0x2 
 .text.HAL_I2C_Init
                0x08000e90       0xcc build/stm32f0xx_hal_i2c.o
                0x08000e90                HAL_I2C_Init
 .text.HAL_I2C_Master_Transmit
                0x08000f5c      0x184 build/stm32f0xx_hal_i2c.o
                0x08000f5c                HAL_I2C_Master_Transmit
 .text.HAL_I2C_Mem_Write
                0x080010e0      0x1c4 build/stm32f0xx_hal_i2c.o
                0x080010e0                HAL_I2C_Mem_Write
 .text.HAL_I2C_Mem_Read
                0x080012a4      0x1c4 build/stm32f0xx_hal_i2c.o
                0x080012a4                HAL_I2C_Mem_Read
 .text.HAL_I2C_GetState
                0x08001468        0x8 build/stm32f0xx_hal_i2c.o
                0x08001468                HAL_I2C_GetState
 .text.HAL_I2CEx_ConfigAnalogFilter
                0x08001470       0x58 build/stm32f0xx_hal_i2c_ex.o
                0x08001470                HAL_I2CEx_ConfigAnalogFilter
 .text.HAL_I2CEx_ConfigDigitalFilter
                0x080014c8       0x54 build/stm32f0xx_hal_i2c_ex.o
                0x080014c8                HAL_I2CEx_ConfigDigitalFilter
 .text.HAL_IWDG_Init
                0x0800151c       0x60 build/stm32f0xx_hal_iwdg.o
                0x0800151c                HAL_IWDG_Init
 .text.HAL_IWDG_Refresh
                0x0800157c       0x10 build/stm32f0xx_hal_iwdg.o
                0x0800157c                HAL_IWDG_Refresh
 .text.TIM_OC1_SetConfig
                0x0800158c       0x8c build/stm32f0xx_hal_tim.o
 .text.TIM_OC3_SetConfig
                0x08001618       0x8c build/stm32f0xx_hal_tim.o
 .text.TIM_OC4_SetConfig
                0x080016a4       0x74 build/stm32f0xx_hal_tim.o
 .text.TIM_TI1_ConfigInputStage
                0x08001718       0x22 build/stm32f0xx_hal_tim.o
 *fill*         0x0800173a        0x2 
 .text.TIM_TI2_ConfigInputStage
                0x0800173c       0x28 build/stm32f0xx_hal_tim.o
 .text.TIM_ITRx_SetConfig
                0x08001764       0x12 build/stm32f0xx_hal_tim.o
 .text.HAL_TIM_Base_MspInit
                0x08001776        0x2 build/stm32f0xx_hal_tim.o
                0x08001776                HAL_TIM_Base_MspInit
 .text.HAL_TIM_OC_MspInit
                0x08001778        0x2 build/stm32f0xx_hal_tim.o
                0x08001778                HAL_TIM_OC_MspInit
 .text.HAL_TIM_OC_DelayElapsedCallback
                0x0800177a        0x2 build/stm32f0xx_hal_tim.o
                0x0800177a                HAL_TIM_OC_DelayElapsedCallback
 .text.HAL_TIM_IC_CaptureCallback
                0x0800177c        0x2 build/stm32f0xx_hal_tim.o
                0x0800177c                HAL_TIM_IC_CaptureCallback
 .text.HAL_TIM_PWM_PulseFinishedCallback
                0x0800177e        0x2 build/stm32f0xx_hal_tim.o
                0x0800177e                HAL_TIM_PWM_PulseFinishedCallback
 .text.HAL_TIM_TriggerCallback
                0x08001780        0x2 build/stm32f0xx_hal_tim.o
                0x08001780                HAL_TIM_TriggerCallback
 .text.HAL_TIM_IRQHandler
                0x08001782      0x15a build/stm32f0xx_hal_tim.o
                0x08001782                HAL_TIM_IRQHandler
 .text.TIM_Base_SetConfig
                0x080018dc       0xa4 build/stm32f0xx_hal_tim.o
                0x080018dc                TIM_Base_SetConfig
 .text.HAL_TIM_Base_Init
                0x08001980       0x34 build/stm32f0xx_hal_tim.o
                0x08001980                HAL_TIM_Base_Init
 .text.HAL_TIM_OC_Init
                0x080019b4       0x34 build/stm32f0xx_hal_tim.o
                0x080019b4                HAL_TIM_OC_Init
 .text.HAL_TIM_PWM_Init
                0x080019e8       0x34 build/stm32f0xx_hal_tim.o
                0x080019e8                HAL_TIM_PWM_Init
 .text.TIM_OC2_SetConfig
                0x08001a1c       0x84 build/stm32f0xx_hal_tim.o
                0x08001a1c                TIM_OC2_SetConfig
 .text.HAL_TIM_OC_ConfigChannel
                0x08001aa0       0x5c build/stm32f0xx_hal_tim.o
                0x08001aa0                HAL_TIM_OC_ConfigChannel
 .text.HAL_TIM_PWM_ConfigChannel
                0x08001afc       0xec build/stm32f0xx_hal_tim.o
                0x08001afc                HAL_TIM_PWM_ConfigChannel
 .text.TIM_ETR_SetConfig
                0x08001be8       0x18 build/stm32f0xx_hal_tim.o
                0x08001be8                TIM_ETR_SetConfig
 .text.HAL_TIM_ConfigClockSource
                0x08001c00      0x118 build/stm32f0xx_hal_tim.o
                0x08001c00                HAL_TIM_ConfigClockSource
 .text.TIM_CCxChannelCmd
                0x08001d18       0x16 build/stm32f0xx_hal_tim.o
                0x08001d18                TIM_CCxChannelCmd
 *fill*         0x08001d2e        0x2 
 .text.HAL_TIM_OC_Start
                0x08001d30       0x50 build/stm32f0xx_hal_tim.o
                0x08001d30                HAL_TIM_OC_Start
 .text.HAL_TIM_PWM_Start
                0x08001d80       0x50 build/stm32f0xx_hal_tim.o
                0x08001d80                HAL_TIM_PWM_Start
 .text.HAL_TIMEx_MasterConfigSynchronization
                0x08001dd0       0x4c build/stm32f0xx_hal_tim_ex.o
                0x08001dd0                HAL_TIMEx_MasterConfigSynchronization
 .text.HAL_TIMEx_ConfigBreakDeadTime
                0x08001e1c       0x74 build/stm32f0xx_hal_tim_ex.o
                0x08001e1c                HAL_TIMEx_ConfigBreakDeadTime
 .text.HAL_TIMEx_CommutationCallback
                0x08001e90        0x2 build/stm32f0xx_hal_tim_ex.o
                0x08001e90                HAL_TIMEx_CommutationCallback
 .text.HAL_TIMEx_BreakCallback
                0x08001e92        0x2 build/stm32f0xx_hal_tim_ex.o
                0x08001e92                HAL_TIMEx_BreakCallback
 .text.HAL_PCD_SetAddress
                0x08001e94       0x36 build/stm32f0xx_hal_pcd.o
                0x08001e94                HAL_PCD_SetAddress
 *fill*         0x08001eca        0x2 
 .text.HAL_PCD_EP_Open
                0x08001ecc      0x368 build/stm32f0xx_hal_pcd.o
                0x08001ecc                HAL_PCD_EP_Open
 .text.HAL_PCD_EP_Receive
                0x08002234      0x1b8 build/stm32f0xx_hal_pcd.o
                0x08002234                HAL_PCD_EP_Receive
 .text.HAL_PCD_EP_SetStall
                0x080023ec       0xc4 build/stm32f0xx_hal_pcd.o
                0x080023ec                HAL_PCD_EP_SetStall
 .text.HAL_PCD_EP_ClrStall
                0x080024b0       0xe8 build/stm32f0xx_hal_pcd.o
                0x080024b0                HAL_PCD_EP_ClrStall
 .text.PCD_WritePMA
                0x08002598       0x28 build/stm32f0xx_hal_pcd.o
                0x08002598                PCD_WritePMA
 .text.HAL_PCD_EP_Transmit
                0x080025c0      0x174 build/stm32f0xx_hal_pcd.o
                0x080025c0                HAL_PCD_EP_Transmit
 .text.PCD_ReadPMA
                0x08002734       0x2c build/stm32f0xx_hal_pcd.o
                0x08002734                PCD_ReadPMA
 .text.PCD_EP_ISR_Handler
                0x08002760      0x4b0 build/stm32f0xx_hal_pcd.o
 .text.HAL_PCD_IRQHandler
                0x08002c10      0x120 build/stm32f0xx_hal_pcd.o
                0x08002c10                HAL_PCD_IRQHandler
 .text.HAL_RCC_OscConfig
                0x08002d30      0x4fc build/stm32f0xx_hal_rcc.o
                0x08002d30                HAL_RCC_OscConfig
 .text.HAL_RCC_GetSysClockFreq
                0x0800322c       0x94 build/stm32f0xx_hal_rcc.o
                0x0800322c                HAL_RCC_GetSysClockFreq
 .text.HAL_RCC_ClockConfig
                0x080032c0      0x188 build/stm32f0xx_hal_rcc.o
                0x080032c0                HAL_RCC_ClockConfig
 .text.HAL_RCC_GetHCLKFreq
                0x08003448        0xc build/stm32f0xx_hal_rcc.o
                0x08003448                HAL_RCC_GetHCLKFreq
 .text.HAL_RCCEx_PeriphCLKConfig
                0x08003454      0x160 build/stm32f0xx_hal_rcc_ex.o
                0x08003454                HAL_RCCEx_PeriphCLKConfig
 .text.HAL_InitTick
                0x080035b4       0x24 build/stm32f0xx_hal.o
                0x080035b4                HAL_InitTick
 .text.HAL_Init
                0x080035d8       0x20 build/stm32f0xx_hal.o
                0x080035d8                HAL_Init
 .text.HAL_IncTick
                0x080035f8       0x10 build/stm32f0xx_hal.o
                0x080035f8                HAL_IncTick
 .text.HAL_GetTick
                0x08003608        0xc build/stm32f0xx_hal.o
                0x08003608                HAL_GetTick
 .text.HAL_Delay
                0x08003614       0x22 build/stm32f0xx_hal.o
                0x08003614                HAL_Delay
 *fill*         0x08003636        0x2 
 .text.HAL_GPIO_Init
                0x08003638      0x1bc build/stm32f0xx_hal_gpio.o
                0x08003638                HAL_GPIO_Init
 .text.HAL_GPIO_ReadPin
                0x080037f4        0xe build/stm32f0xx_hal_gpio.o
                0x080037f4                HAL_GPIO_ReadPin
 .text.DMA_SetConfig
                0x08003802       0x2a build/stm32f0xx_hal_dma.o
 .text.DMA_CalcBaseAndBitshift
                0x0800382c       0x24 build/stm32f0xx_hal_dma.o
 .text.HAL_DMA_Init
                0x08003850       0x58 build/stm32f0xx_hal_dma.o
                0x08003850                HAL_DMA_Init
 .text.HAL_DMA_Start_IT
                0x080038a8       0x76 build/stm32f0xx_hal_dma.o
                0x080038a8                HAL_DMA_Start_IT
 .text.HAL_DMA_IRQHandler
                0x0800391e       0xaa build/stm32f0xx_hal_dma.o
                0x0800391e                HAL_DMA_IRQHandler
 .text.NVIC_SetPriority
                0x080039c8       0x60 build/stm32f0xx_hal_cortex.o
 .text.SysTick_Config
                0x08003a28       0x38 build/stm32f0xx_hal_cortex.o
 .text.HAL_NVIC_SetPriority
                0x08003a60        0x8 build/stm32f0xx_hal_cortex.o
                0x08003a60                HAL_NVIC_SetPriority
 .text.HAL_NVIC_EnableIRQ
                0x08003a68       0x14 build/stm32f0xx_hal_cortex.o
                0x08003a68                HAL_NVIC_EnableIRQ
 .text.HAL_SYSTICK_Config
                0x08003a7c        0x8 build/stm32f0xx_hal_cortex.o
                0x08003a7c                HAL_SYSTICK_Config
 .text.FLASH_Program_HalfWord
                0x08003a84       0x20 build/stm32f0xx_hal_flash.o
 .text.FLASH_SetErrorCode
                0x08003aa4       0x40 build/stm32f0xx_hal_flash.o
 .text.HAL_FLASH_Unlock
                0x08003ae4       0x30 build/stm32f0xx_hal_flash.o
                0x08003ae4                HAL_FLASH_Unlock
 .text.HAL_FLASH_Lock
                0x08003b14       0x14 build/stm32f0xx_hal_flash.o
                0x08003b14                HAL_FLASH_Lock
 .text.FLASH_WaitForLastOperation
                0x08003b28       0x58 build/stm32f0xx_hal_flash.o
                0x08003b28                FLASH_WaitForLastOperation
 .text.HAL_FLASH_Program
                0x08003b80       0xa4 build/stm32f0xx_hal_flash.o
                0x08003b80                HAL_FLASH_Program
 .text.USBD_SetClassConfig
                0x08003c24       0x1e build/usbd_core.o
                0x08003c24                USBD_SetClassConfig
 .text.USBD_ClrClassConfig
                0x08003c42       0x10 build/usbd_core.o
                0x08003c42                USBD_ClrClassConfig
 *fill*         0x08003c52        0x2 
 .text.USBD_LL_SetupStage
                0x08003c54       0x68 build/usbd_core.o
                0x08003c54                USBD_LL_SetupStage
 .text.USBD_LL_DataOutStage
                0x08003cbc       0x7a build/usbd_core.o
                0x08003cbc                USBD_LL_DataOutStage
 .text.USBD_LL_DataInStage
                0x08003d36       0xc4 build/usbd_core.o
                0x08003d36                USBD_LL_DataInStage
 .text.USBD_LL_Reset
                0x08003dfa       0x46 build/usbd_core.o
                0x08003dfa                USBD_LL_Reset
 .text.USBD_LL_SetSpeed
                0x08003e40        0x6 build/usbd_core.o
                0x08003e40                USBD_LL_SetSpeed
 .text.USBD_LL_SOF
                0x08003e46       0x20 build/usbd_core.o
                0x08003e46                USBD_LL_SOF
 .text.USBD_SetFeature
                0x08003e66       0x24 build/usbd_ctlreq.o
 .text.USBD_ParseSetupRequest
                0x08003e8a       0x28 build/usbd_ctlreq.o
                0x08003e8a                USBD_ParseSetupRequest
 .text.USBD_CtlError
                0x08003eb2       0x14 build/usbd_ctlreq.o
                0x08003eb2                USBD_CtlError
 *fill*         0x08003ec6        0x2 
 .text.USBD_GetDescriptor
                0x08003ec8      0x15c build/usbd_ctlreq.o
 .text.USBD_SetAddress
                0x08004024       0x58 build/usbd_ctlreq.o
 .text.USBD_SetConfig
                0x0800407c       0xb0 build/usbd_ctlreq.o
 .text.USBD_GetConfig
                0x0800412c       0x3c build/usbd_ctlreq.o
 .text.USBD_GetStatus
                0x08004168       0x32 build/usbd_ctlreq.o
 .text.USBD_ClrFeature
                0x0800419a       0x34 build/usbd_ctlreq.o
 *fill*         0x080041ce        0x2 
 .text.USBD_StdDevReq
                0x080041d0       0x48 build/usbd_ctlreq.o
                0x080041d0                USBD_StdDevReq
 .text.USBD_StdItfReq
                0x08004218       0x3c build/usbd_ctlreq.o
                0x08004218                USBD_StdItfReq
 .text.USBD_StdEPReq
                0x08004254      0x13a build/usbd_ctlreq.o
                0x08004254                USBD_StdEPReq
 .text.USBD_CtlSendData
                0x0800438e       0x1c build/usbd_ioreq.o
                0x0800438e                USBD_CtlSendData
 .text.USBD_CtlContinueSendData
                0x080043aa       0x10 build/usbd_ioreq.o
                0x080043aa                USBD_CtlContinueSendData
 .text.USBD_CtlContinueRx
                0x080043ba       0x10 build/usbd_ioreq.o
                0x080043ba                USBD_CtlContinueRx
 .text.USBD_CtlSendStatus
                0x080043ca       0x18 build/usbd_ioreq.o
                0x080043ca                USBD_CtlSendStatus
 .text.USBD_CtlReceiveStatus
                0x080043e2       0x18 build/usbd_ioreq.o
                0x080043e2                USBD_CtlReceiveStatus
 .text.USBD_CDC_SetTxBuffer
                0x080043fa       0x16 build/usbd_cdc.o
                0x080043fa                USBD_CDC_SetTxBuffer
 .text.USBD_CDC_TransmitPacket
                0x08004410       0x3a build/usbd_cdc.o
                0x08004410                USBD_CDC_TransmitPacket
 .text.HAL_PCD_SetupStageCallback
                0x0800444a       0x14 build/usbd_conf.o
                0x0800444a                HAL_PCD_SetupStageCallback
 .text.HAL_PCD_DataOutStageCallback
                0x0800445e       0x1e build/usbd_conf.o
                0x0800445e                HAL_PCD_DataOutStageCallback
 .text.HAL_PCD_DataInStageCallback
                0x0800447c       0x1a build/usbd_conf.o
                0x0800447c                HAL_PCD_DataInStageCallback
 .text.HAL_PCD_SOFCallback
                0x08004496        0xe build/usbd_conf.o
                0x08004496                HAL_PCD_SOFCallback
 .text.HAL_PCD_ResetCallback
                0x080044a4       0x18 build/usbd_conf.o
                0x080044a4                HAL_PCD_ResetCallback
 .text.HAL_PCD_SuspendCallback
                0x080044bc        0x2 build/usbd_conf.o
                0x080044bc                HAL_PCD_SuspendCallback
 .text.HAL_PCD_ResumeCallback
                0x080044be        0x2 build/usbd_conf.o
                0x080044be                HAL_PCD_ResumeCallback
 .text.USBD_LL_OpenEP
                0x080044c0       0x16 build/usbd_conf.o
                0x080044c0                USBD_LL_OpenEP
 .text.USBD_LL_StallEP
                0x080044d6       0x10 build/usbd_conf.o
                0x080044d6                USBD_LL_StallEP
 .text.USBD_LL_ClearStallEP
                0x080044e6       0x10 build/usbd_conf.o
                0x080044e6                USBD_LL_ClearStallEP
 .text.USBD_LL_IsStallEP
                0x080044f6       0x32 build/usbd_conf.o
                0x080044f6                USBD_LL_IsStallEP
 .text.USBD_LL_SetUSBAddress
                0x08004528       0x10 build/usbd_conf.o
                0x08004528                USBD_LL_SetUSBAddress
 .text.USBD_LL_Transmit
                0x08004538       0x10 build/usbd_conf.o
                0x08004538                USBD_LL_Transmit
 .text.USBD_LL_PrepareReceive
                0x08004548       0x10 build/usbd_conf.o
                0x08004548                USBD_LL_PrepareReceive
 .text.NVIC_SystemReset
                0x08004558       0x1c build/main.o
 .text.MX_GPIO_Init
                0x08004574       0x90 build/main.o
 .text.MX_DMA_Init
                0x08004604       0x40 build/main.o
 .text.MX_ADC_Init
                0x08004644       0xb0 build/main.o
 .text.MX_I2C1_Init
                0x080046f4       0x44 build/main.o
 .text.MX_I2C2_Init
                0x08004738       0x44 build/main.o
 .text.TIM3_Init
                0x0800477c       0x60 build/main.o
 .text.MX_TIM1_Init
                0x080047dc       0xec build/main.o
 .text.MX_IWDG_Init
                0x080048c8       0x24 build/main.o
 .text.reg      0x080048ec      0x280 build/main.o
                0x080048ec                reg
 .text.HAL_TIM_PeriodElapsedCallback
                0x08004b6c       0x34 build/main.o
                0x08004b6c                HAL_TIM_PeriodElapsedCallback
 .text.disp_init
                0x08004ba0       0x5c build/main.o
                0x08004ba0                disp_init
 .text.refresh  0x08004bfc       0x40 build/main.o
                0x08004bfc                refresh
 .text.clear_screen
                0x08004c3c       0x14 build/main.o
                0x08004c3c                clear_screen
 .text.write_pixel
                0x08004c50       0x78 build/main.o
                0x08004c50                write_pixel
 .text.draw_v_line
                0x08004cc8       0x2a build/main.o
                0x08004cc8                draw_v_line
 *fill*         0x08004cf2        0x2 
 .text.draw_char
                0x08004cf4       0x6c build/main.o
                0x08004cf4                draw_char
 .text.draw_string
                0x08004d60       0x24 build/main.o
                0x08004d60                draw_string
 .text.SystemClock_Config
                0x08004d84       0x70 build/main.o
                0x08004d84                SystemClock_Config
 .text.main     0x08004df4      0x668 build/main.o
                0x08004df4                main
 .text.read_register
                0x0800545c       0x24 build/stusb4500.o
 .text.write_register
                0x08005480       0x24 build/stusb4500.o
 .text.stusb_read_rdo
                0x080054a4       0x10 build/stusb4500.o
                0x080054a4                stusb_read_rdo
 .text.stusb_update_pdo
                0x080054b4       0xd0 build/stusb4500.o
                0x080054b4                stusb_update_pdo
 .text.stusb_set_valid_pdo
                0x08005584       0x24 build/stusb4500.o
                0x08005584                stusb_set_valid_pdo
 .text.stusb_soft_reset
                0x080055a8       0x38 build/stusb4500.o
                0x080055a8                stusb_soft_reset
 .text.SystemInit
                0x080055e0       0xa0 build/system_stm32f0xx.o
                0x080055e0                SystemInit
 .text.Reset_Handler
                0x08005680       0x50 build/startup_stm32f072xb.o
                0x08005680                Reset_Handler
 .text.Default_Handler
                0x080056d0        0x2 build/startup_stm32f072xb.o
                0x080056d0                TSC_IRQHandler
                0x080056d0                I2C1_IRQHandler
                0x080056d0                RCC_CRS_IRQHandler
                0x080056d0                SPI1_IRQHandler
                0x080056d0                TIM6_DAC_IRQHandler
                0x080056d0                USART3_4_IRQHandler
                0x080056d0                EXTI2_3_IRQHandler
                0x080056d0                I2C2_IRQHandler
                0x080056d0                TIM17_IRQHandler
                0x080056d0                CEC_CAN_IRQHandler
                0x080056d0                RTC_IRQHandler
                0x080056d0                PVD_VDDIO2_IRQHandler
                0x080056d0                DMA1_Channel4_5_6_7_IRQHandler
                0x080056d0                TIM16_IRQHandler
                0x080056d0                EXTI4_15_IRQHandler
                0x080056d0                Default_Handler
                0x080056d0                TIM14_IRQHandler
                0x080056d0                TIM7_IRQHandler
                0x080056d0                TIM15_IRQHandler
                0x080056d0                EXTI0_1_IRQHandler
                0x080056d0                SPI2_IRQHandler
                0x080056d0                WWDG_IRQHandler
                0x080056d0                TIM2_IRQHandler
                0x080056d0                DMA1_Channel2_3_IRQHandler
                0x080056d0                USART2_IRQHandler
                0x080056d0                FLASH_IRQHandler
                0x080056d0                USART1_IRQHandler
 *fill*         0x080056d2        0x2 
 .text.sprintf  0x080056d4       0x44 C:/SysGCC/arm-eabi/bin/../lib/gcc/arm-none-eabi/13.3.1/thumb/v6-m/nofp\libc_nano.a(libc_a-sprintf.o)
                0x080056d4                siprintf
                0x080056d4                sprintf
 .text.memset   0x08005718       0x10 C:/SysGCC/arm-eabi/bin/../lib/gcc/arm-none-eabi/13.3.1/thumb/v6-m/nofp\libc_nano.a(libc_a-memset.o)
                0x08005718                memset
 .text.__libc_init_array
                0x08005728       0x48 C:/SysGCC/arm-eabi/bin/../lib/gcc/arm-none-eabi/13.3.1/thumb/v6-m/nofp\libc_nano.a(libc_a-init.o)
                0x08005728                __libc_init_array
 .text.__retarget_lock_acquire_recursive
                0x08005770        0x2 C:/SysGCC/arm-eabi/bin/../lib/gcc/arm-none-eabi/13.3.1/thumb/v6-m/nofp\libc_nano.a(libc_a-lock.o)
                0x08005770                __retarget_lock_acquire_recursive
 .text.__retarget_lock_release_recursive
                0x08005772        0x2 C:/SysGCC/arm-eabi/bin/../lib/gcc/arm-none-eabi/13.3.1/thumb/v6-m/nofp\libc_nano.a(libc_a-lock.o)
                0x08005772                __retarget_lock_release_recursive
 .text._free_r  0x08005774       0x94 C:/SysGCC/arm-eabi/bin/../lib/gcc/arm-none-eabi/13.3.1/thumb/v6-m/nofp\libc_nano.a(libc_a-freer.o)
                0x08005774                _free_r
 .text.sbrk_aligned
                0x08005808       0x44 C:/SysGCC/arm-eabi/bin/../lib/gcc/arm-none-eabi/13.3.1/thumb/v6-m/nofp\libc_nano.a(libc_a-mallocr.o)
 .text._malloc_r
                0x0800584c      0x100 C:/SysGCC/arm-eabi/bin/../lib/gcc/arm-none-eabi/13.3.1/thumb/v6-m/nofp\libc_nano.a(libc_a-mallocr.o)
                0x0800584c                _malloc_r
 .text.__malloc_lock
                0x0800594c       0x10 C:/SysGCC/arm-eabi/bin/../lib/gcc/arm-none-eabi/13.3.1/thumb/v6-m/nofp\libc_nano.a(libc_a-mlock.o)
                0x0800594c                __malloc_lock
 .text.__malloc_unlock
                0x0800595c       0x10 C:/SysGCC/arm-eabi/bin/../lib/gcc/arm-none-eabi/13.3.1/thumb/v6-m/nofp\libc_nano.a(libc_a-mlock.o)
                0x0800595c                __malloc_unlock
 .text.__ssputs_r
                0x0800596c       0xc0 C:/SysGCC/arm-eabi/bin/../lib/gcc/arm-none-eabi/13.3.1/thumb/v6-m/nofp\libc_nano.a(libc_a-nano-svfprintf.o)
                0x0800596c                __ssputs_r
 .text._svfprintf_r
                0x08005a2c      0x1fc C:/SysGCC/arm-eabi/bin/../lib/gcc/arm-none-eabi/13.3.1/thumb/v6-m/nofp\libc_nano.a(libc_a-nano-svfprintf.o)
                0x08005a2c                _svfiprintf_r
                0x08005a2c                _svfprintf_r
 .text._printf_common
                0x08005c28       0xde C:/SysGCC/arm-eabi/bin/../lib/gcc/arm-none-eabi/13.3.1/thumb/v6-m/nofp\libc_nano.a(libc_a-nano-vfprintf_i.o)
                0x08005c28                _printf_common
 *fill*         0x08005d06        0x2 
 .text._printf_i
                0x08005d08      0x218 C:/SysGCC/arm-eabi/bin/../lib/gcc/arm-none-eabi/13.3.1/thumb/v6-m/nofp\libc_nano.a(libc_a-nano-vfprintf_i.o)
                0x08005d08                _printf_i
 .text.memmove  0x08005f20       0x24 C:/SysGCC/arm-eabi/bin/../lib/gcc/arm-none-eabi/13.3.1/thumb/v6-m/nofp\libc_nano.a(libc_a-memmove.o)
                0x08005f20                memmove
 .text._sbrk_r  0x08005f44       0x24 C:/SysGCC/arm-eabi/bin/../lib/gcc/arm-none-eabi/13.3.1/thumb/v6-m/nofp\libc_nano.a(libc_a-sbrkr.o)
                0x08005f44                _sbrk_r
 .text.memchr   0x08005f68       0x16 C:/SysGCC/arm-eabi/bin/../lib/gcc/arm-none-eabi/13.3.1/thumb/v6-m/nofp\libc_nano.a(libc_a-memchr-stub.o)
                0x08005f68                memchr
 .text.memcpy   0x08005f7e       0x12 C:/SysGCC/arm-eabi/bin/../lib/gcc/arm-none-eabi/13.3.1/thumb/v6-m/nofp\libc_nano.a(libc_a-memcpy-stub.o)
                0x08005f7e                memcpy
 .text._realloc_r
                0x08005f90       0x60 C:/SysGCC/arm-eabi/bin/../lib/gcc/arm-none-eabi/13.3.1/thumb/v6-m/nofp\libc_nano.a(libc_a-reallocr.o)
                0x08005f90                _realloc_r
 .text._malloc_usable_size_r
                0x08005ff0       0x10 C:/SysGCC/arm-eabi/bin/../lib/gcc/arm-none-eabi/13.3.1/thumb/v6-m/nofp\libc_nano.a(libc_a-msizer.o)
                0x08005ff0                _malloc_usable_size_r
 .text.ceil     0x08006000      0x114 C:/SysGCC/arm-eabi/bin/../lib/gcc/arm-none-eabi/13.3.1/thumb/v6-m/nofp\libm.a(libm_a-s_ceil.o)
                0x08006000                ceil
 .text._sbrk    0x08006114       0x1c C:/SysGCC/arm-eabi/bin/../lib/gcc/arm-none-eabi/13.3.1/thumb/v6-m/nofp\libnosys.a(sbrk.o)
                0x08006114                _sbrk
 .text.__fixunssfsi
                0x08006130       0x30 C:/SysGCC/arm-eabi/bin/../lib/gcc/arm-none-eabi/13.3.1/thumb/v6-m/nofp\libgcc.a(_fixunssfsi.o)
                0x08006130                __fixunssfsi
                0x08006130                __aeabi_f2uiz
 .text.__fixunsdfsi
                0x08006160       0x3c C:/SysGCC/arm-eabi/bin/../lib/gcc/arm-none-eabi/13.3.1/thumb/v6-m/nofp\libgcc.a(_fixunsdfsi.o)
                0x08006160                __aeabi_d2uiz
                0x08006160                __fixunsdfsi
 .text.__aeabi_fadd
                0x0800619c      0x340 C:/SysGCC/arm-eabi/bin/../lib/gcc/arm-none-eabi/13.3.1/thumb/v6-m/nofp\libgcc.a(addsf3.o)
                0x0800619c                __aeabi_fadd
 .text.__aeabi_fdiv
                0x080064dc      0x224 C:/SysGCC/arm-eabi/bin/../lib/gcc/arm-none-eabi/13.3.1/thumb/v6-m/nofp\libgcc.a(divsf3.o)
                0x080064dc                __aeabi_fdiv
 .text.__eqsf2  0x08006700       0x50 C:/SysGCC/arm-eabi/bin/../lib/gcc/arm-none-eabi/13.3.1/thumb/v6-m/nofp\libgcc.a(eqsf2.o)
                0x08006700                __eqsf2
                0x08006700                __nesf2
 .text.__gesf2  0x08006750       0x94 C:/SysGCC/arm-eabi/bin/../lib/gcc/arm-none-eabi/13.3.1/thumb/v6-m/nofp\libgcc.a(gesf2.o)
                0x08006750                __gesf2
                0x08006750                __gtsf2
 .text.__lesf2  0x080067e4       0x90 C:/SysGCC/arm-eabi/bin/../lib/gcc/arm-none-eabi/13.3.1/thumb/v6-m/nofp\libgcc.a(lesf2.o)
                0x080067e4                __ltsf2
                0x080067e4                __lesf2
 .text.__aeabi_fmul
                0x08006874      0x280 C:/SysGCC/arm-eabi/bin/../lib/gcc/arm-none-eabi/13.3.1/thumb/v6-m/nofp\libgcc.a(mulsf3.o)
                0x08006874                __aeabi_fmul
 .text.__aeabi_fsub
                0x08006af4      0x38c C:/SysGCC/arm-eabi/bin/../lib/gcc/arm-none-eabi/13.3.1/thumb/v6-m/nofp\libgcc.a(subsf3.o)
                0x08006af4                __aeabi_fsub
 .text.__aeabi_f2iz
                0x08006e80       0x40 C:/SysGCC/arm-eabi/bin/../lib/gcc/arm-none-eabi/13.3.1/thumb/v6-m/nofp\libgcc.a(fixsfsi.o)
                0x08006e80                __aeabi_f2iz
 .text.__aeabi_i2f
                0x08006ec0       0x94 C:/SysGCC/arm-eabi/bin/../lib/gcc/arm-none-eabi/13.3.1/thumb/v6-m/nofp\libgcc.a(floatsisf.o)
                0x08006ec0                __aeabi_i2f
 .text.__aeabi_ui2f
                0x08006f54       0x80 C:/SysGCC/arm-eabi/bin/../lib/gcc/arm-none-eabi/13.3.1/thumb/v6-m/nofp\libgcc.a(floatunsisf.o)
                0x08006f54                __aeabi_ui2f
 .text.__aeabi_dadd
                0x08006fd4      0x730 C:/SysGCC/arm-eabi/bin/../lib/gcc/arm-none-eabi/13.3.1/thumb/v6-m/nofp\libgcc.a(adddf3.o)
                0x08006fd4                __aeabi_dadd
 .text.__aeabi_ddiv
                0x08007704      0x604 C:/SysGCC/arm-eabi/bin/../lib/gcc/arm-none-eabi/13.3.1/thumb/v6-m/nofp\libgcc.a(divdf3.o)
                0x08007704                __aeabi_ddiv
 .text.__eqdf2  0x08007d08       0x88 C:/SysGCC/arm-eabi/bin/../lib/gcc/arm-none-eabi/13.3.1/thumb/v6-m/nofp\libgcc.a(eqdf2.o)
                0x08007d08                __nedf2
                0x08007d08                __eqdf2
 .text.__gedf2  0x08007d90       0xe0 C:/SysGCC/arm-eabi/bin/../lib/gcc/arm-none-eabi/13.3.1/thumb/v6-m/nofp\libgcc.a(gedf2.o)
                0x08007d90                __gedf2
                0x08007d90                __gtdf2
 .text.__ledf2  0x08007e70       0xdc C:/SysGCC/arm-eabi/bin/../lib/gcc/arm-none-eabi/13.3.1/thumb/v6-m/nofp\libgcc.a(ledf2.o)
                0x08007e70                __ledf2
                0x08007e70                __ltdf2
 .text.__aeabi_dmul
                0x08007f4c      0x598 C:/SysGCC/arm-eabi/bin/../lib/gcc/arm-none-eabi/13.3.1/thumb/v6-m/nofp\libgcc.a(muldf3.o)
                0x08007f4c                __aeabi_dmul
 .text.__aeabi_dsub
                0x080084e4      0x710 C:/SysGCC/arm-eabi/bin/../lib/gcc/arm-none-eabi/13.3.1/thumb/v6-m/nofp\libgcc.a(subdf3.o)
                0x080084e4                __aeabi_dsub
 .text.__aeabi_d2iz
                0x08008bf4       0x78 C:/SysGCC/arm-eabi/bin/../lib/gcc/arm-none-eabi/13.3.1/thumb/v6-m/nofp\libgcc.a(fixdfsi.o)
                0x08008bf4                __aeabi_d2iz
 .text.__aeabi_i2d
                0x08008c6c       0x5c C:/SysGCC/arm-eabi/bin/../lib/gcc/arm-none-eabi/13.3.1/thumb/v6-m/nofp\libgcc.a(floatsidf.o)
                0x08008c6c                __aeabi_i2d
 .text.__aeabi_f2d
                0x08008cc8       0x90 C:/SysGCC/arm-eabi/bin/../lib/gcc/arm-none-eabi/13.3.1/thumb/v6-m/nofp\libgcc.a(extendsfdf2.o)
                0x08008cc8                __aeabi_f2d
 .text.__aeabi_d2f
                0x08008d58      0x10c C:/SysGCC/arm-eabi/bin/../lib/gcc/arm-none-eabi/13.3.1/thumb/v6-m/nofp\libgcc.a(truncdfsf2.o)
                0x08008d58                __aeabi_d2f
 *(.glue_7)
 .glue_7        0x08008e64        0x0 linker stubs
 *(.glue_7t)
 .glue_7t       0x08008e64        0x0 linker stubs
 *(.eh_frame)
 .eh_frame      0x08008e64        0x0 C:/SysGCC/arm-eabi/bin/../lib/gcc/arm-none-eabi/13.3.1/thumb/v6-m/nofp/crtbegin.o
 *(.init)
 .init          0x08008e64        0x4 C:/SysGCC/arm-eabi/bin/../lib/gcc/arm-none-eabi/13.3.1/thumb/v6-m/nofp/crti.o
                0x08008e64                _init
 .init          0x08008e68        0x8 C:/SysGCC/arm-eabi/bin/../lib/gcc/arm-none-eabi/13.3.1/thumb/v6-m/nofp/crtn.o
 *(.fini)
 .fini          0x08008e70        0x4 C:/SysGCC/arm-eabi/bin/../lib/gcc/arm-none-eabi/13.3.1/thumb/v6-m/nofp/crti.o
                0x08008e70                _fini
 .fini          0x08008e74        0x8 C:/SysGCC/arm-eabi/bin/../lib/gcc/arm-none-eabi/13.3.1/thumb/v6-m/nofp/crtn.o
                0x08008e7c                        . = ALIGN (0x4)
                0x08008e7c                        _etext = .

.vfp11_veneer   0x08008e7c        0x0
 .vfp11_veneer  0x08008e7c        0x0 linker stubs

.v4_bx          0x08008e7c        0x0
 .v4_bx         0x08008e7c        0x0 linker stubs

.iplt           0x08008e7c        0x0
 .iplt          0x08008e7c        0x0 C:/SysGCC/arm-eabi/bin/../lib/gcc/arm-none-eabi/13.3.1/thumb/v6-m/nofp/crtbegin.o

.rodata         0x08008e7c      0x490
                0x08008e7c                        . = ALIGN (0x4)
 *(.rodata)
 .rodata        0x08008e7c        0xe build/main.o
 *(.rodata*)
 *fill*         0x08008e8a        0x2 
 .rodata.HAL_RCC_GetSysClockFreq.str1.4
                0x08008e8c       0xcc build/stm32f0xx_hal_rcc.o
                                 0x25 (size before relaxing)
 .rodata.USBD_GetDescriptor
                0x08008f58       0x38 build/usbd_ctlreq.o
 .rodata.USBD_StdDevReq
                0x08008f90       0x28 build/usbd_ctlreq.o
 .rodata.main.str1.4
                0x08008fb8       0x78 build/main.o
 .rodata.REFRESH_COMMANDS
                0x08008fb8       0x11 build/main.o
                0x08008fb8                REFRESH_COMMANDS
 .rodata.str1.4
                0x08008fc9       0x2c build/main.o
 *fill*         0x08008fc9        0x3 
 .rodata.font   0x08008fcc      0x240 build/main.o
                0x08008fcc                font
 .rodata.AHBPrescTable
                0x0800920c       0x10 build/system_stm32f0xx.o
                0x0800920c                AHBPrescTable
 .rodata._svfprintf_r.str1.1
                0x0800921c       0x33 C:/SysGCC/arm-eabi/bin/../lib/gcc/arm-none-eabi/13.3.1/thumb/v6-m/nofp\libc_nano.a(libc_a-nano-svfprintf.o)
                                 0x11 (size before relaxing)
 .rodata._printf_i.str1.1
                0x0800924f       0x22 C:/SysGCC/arm-eabi/bin/../lib/gcc/arm-none-eabi/13.3.1/thumb/v6-m/nofp\libc_nano.a(libc_a-nano-vfprintf_i.o)
 *fill*         0x0800924f        0x1 
 .rodata.__aeabi_fdiv
                0x08009250       0x7c C:/SysGCC/arm-eabi/bin/../lib/gcc/arm-none-eabi/13.3.1/thumb/v6-m/nofp\libgcc.a(divsf3.o)
 .rodata.__aeabi_ddiv
                0x080092cc       0x40 C:/SysGCC/arm-eabi/bin/../lib/gcc/arm-none-eabi/13.3.1/thumb/v6-m/nofp\libgcc.a(divdf3.o)
                0x0800930c                        . = ALIGN (0x4)

.rel.dyn        0x0800930c        0x0
 .rel.iplt      0x0800930c        0x0 C:/SysGCC/arm-eabi/bin/../lib/gcc/arm-none-eabi/13.3.1/thumb/v6-m/nofp/crtbegin.o

.ARM.extab
 *(.ARM.extab* .gnu.linkonce.armextab.*)

.ARM            0x0800930c        0x0
                0x0800930c                        __exidx_start = .
 *(.ARM.exidx*)
                0x0800930c                        __exidx_end = .

.preinit_array  0x0800930c        0x0
                0x0800930c                        PROVIDE (__preinit_array_start = .)
 *(.preinit_array*)
                0x0800930c                        PROVIDE (__preinit_array_end = .)

.init_array     0x0800930c        0x4
                0x0800930c                        PROVIDE (__init_array_start = .)
 *(SORT_BY_NAME(.init_array.*))
 *(.init_array*)
 .init_array    0x0800930c        0x4 C:/SysGCC/arm-eabi/bin/../lib/gcc/arm-none-eabi/13.3.1/thumb/v6-m/nofp/crtbegin.o
                0x08009310                        PROVIDE (__init_array_end = .)

.fini_array     0x08009310        0x4
                [!provide]                        PROVIDE (__fini_array_start = .)
 *(SORT_BY_NAME(.fini_array.*))
 *(.fini_array*)
 .fini_array    0x08009310        0x4 C:/SysGCC/arm-eabi/bin/../lib/gcc/arm-none-eabi/13.3.1/thumb/v6-m/nofp/crtbegin.o
                [!provide]                        PROVIDE (__fini_array_end = .)
                0x08009314                        _sidata = LOADADDR (.data)

.data           0x20000000       0xf8 load address 0x08009314
                0x20000000                        . = ALIGN (0x4)
                0x20000000                        _sdata = .
 *(.data)
 *(.data*)
 .data.OLED_Setup_Array
                0x20000000       0x32 build/main.o
                0x20000000                OLED_Setup_Array
 *fill*         0x20000032        0x2 
 .data.by_string
                0x20000034        0x4 build/main.o
                0x20000034                by_string
 .data.otter_string
                0x20000038        0x4 build/main.o
                0x20000038                otter_string
 .data.dfu_string
                0x2000003c        0x4 build/main.o
                0x2000003c                dfu_string
 .data.tipcal   0x20000040        0x8 build/main.o
                0x20000040                tipcal
 .data.r        0x20000048       0x30 build/main.o
                0x20000048                r
 .data.s        0x20000078       0x28 build/main.o
                0x20000078                s
 .data.MAX_DUTY
                0x200000a0        0x2 build/main.o
                0x200000a0                MAX_DUTY
 *fill*         0x200000a2        0x2 
 .data.SystemCoreClock
                0x200000a4        0x4 build/system_stm32f0xx.o
                0x200000a4                SystemCoreClock
 .data._impure_ptr
                0x200000a8        0x4 C:/SysGCC/arm-eabi/bin/../lib/gcc/arm-none-eabi/13.3.1/thumb/v6-m/nofp\libc_nano.a(libc_a-impure.o)
                0x200000a8                _impure_ptr
 .data._impure_data
                0x200000ac       0x4c C:/SysGCC/arm-eabi/bin/../lib/gcc/arm-none-eabi/13.3.1/thumb/v6-m/nofp\libc_nano.a(libc_a-impure.o)
                0x200000ac                _impure_data
                0x200000f8                        . = ALIGN (0x4)
                0x200000f8                        _edata = .

.tm_clone_table
                0x200000f8        0x0 load address 0x0800940c
 .tm_clone_table
                0x200000f8        0x0 C:/SysGCC/arm-eabi/bin/../lib/gcc/arm-none-eabi/13.3.1/thumb/v6-m/nofp/crtbegin.o
 .tm_clone_table
                0x200000f8        0x0 C:/SysGCC/arm-eabi/bin/../lib/gcc/arm-none-eabi/13.3.1/thumb/v6-m/nofp/crtend.o

.igot.plt       0x200000f8        0x0 load address 0x0800940c
 .igot.plt      0x200000f8        0x0 C:/SysGCC/arm-eabi/bin/../lib/gcc/arm-none-eabi/13.3.1/thumb/v6-m/nofp/crtbegin.o
                0x200000f8                        . = ALIGN (0x4)

.bss            0x200000f8      0xa90 load address 0x0800940c
                0x200000f8                        _sbss = .
                0x200000f8                        __bss_start__ = _sbss
 *(.bss)
 *(.bss*)
 .bss.completed.1
                0x200000f8        0x1 C:/SysGCC/arm-eabi/bin/../lib/gcc/arm-none-eabi/13.3.1/thumb/v6-m/nofp/crtbegin.o
 *fill*         0x200000f9        0x3 
 .bss.object.0  0x200000fc       0x18 C:/SysGCC/arm-eabi/bin/../lib/gcc/arm-none-eabi/13.3.1/thumb/v6-m/nofp/crtbegin.o
 .bss.UserTxBuffer
                0x20000114      0x200 build/stm32f0xx_it.o
                0x20000114                UserTxBuffer
 .bss.uwTick    0x20000314        0x4 build/stm32f0xx_hal.o
                0x20000314                uwTick
 .bss.pFlash    0x20000318       0x20 build/stm32f0xx_hal_flash.o
                0x20000318                pFlash
 .bss.cfgidx.0  0x20000338        0x1 build/usbd_ctlreq.o
 *fill*         0x20000339        0x3 
 .bss.hpcd      0x2000033c      0x220 build/usbd_conf.o
                0x2000033c                hpcd
 .bss.screenBuffer
                0x2000055c       0xda build/main.o
                0x2000055c                screenBuffer
 *fill*         0x20000636        0x2 
 .bss.sendDataUSB
                0x20000638        0x4 build/main.o
                0x20000638                sendDataUSB
 .bss.ADC_raw   0x2000063c        0x8 build/main.o
 .bss.USBD_Device
                0x20000644      0x224 build/main.o
                0x20000644                USBD_Device
 .bss.hiwdg     0x20000868       0x10 build/main.o
                0x20000868                hiwdg
 .bss.htim3     0x20000878       0x40 build/main.o
                0x20000878                htim3
 .bss.htim1     0x200008b8       0x40 build/main.o
                0x200008b8                htim1
 .bss.hi2c2     0x200008f8       0x4c build/main.o
                0x200008f8                hi2c2
 .bss.hi2c1     0x20000944       0x4c build/main.o
                0x20000944                hi2c1
 .bss.hdma_adc  0x20000990       0x44 build/main.o
                0x20000990                hdma_adc
 .bss.hadc      0x200009d4       0x4c build/main.o
                0x200009d4                hadc
 .bss.pdo_profile
                0x20000a20       0x18 build/stusb4500.o
                0x20000a20                pdo_profile
 .bss.SysMemBootJump
                0x20000a38        0x4 build/system_stm32f0xx.o
                0x20000a38                SysMemBootJump
 .bss.__sf      0x20000a3c      0x138 C:/SysGCC/arm-eabi/bin/../lib/gcc/arm-none-eabi/13.3.1/thumb/v6-m/nofp\libc_nano.a(libc_a-findfp.o)
                0x20000a3c                __sf
 .bss.errno     0x20000b74        0x4 C:/SysGCC/arm-eabi/bin/../lib/gcc/arm-none-eabi/13.3.1/thumb/v6-m/nofp\libc_nano.a(libc_a-reent.o)
                0x20000b74                errno
 .bss.__lock___malloc_recursive_mutex
                0x20000b78        0x1 C:/SysGCC/arm-eabi/bin/../lib/gcc/arm-none-eabi/13.3.1/thumb/v6-m/nofp\libc_nano.a(libc_a-lock.o)
                0x20000b78                __lock___malloc_recursive_mutex
 *fill*         0x20000b79        0x3 
 .bss.__malloc_sbrk_start
                0x20000b7c        0x4 C:/SysGCC/arm-eabi/bin/../lib/gcc/arm-none-eabi/13.3.1/thumb/v6-m/nofp\libc_nano.a(libc_a-mallocr.o)
                0x20000b7c                __malloc_sbrk_start
 .bss.__malloc_free_list
                0x20000b80        0x4 C:/SysGCC/arm-eabi/bin/../lib/gcc/arm-none-eabi/13.3.1/thumb/v6-m/nofp\libc_nano.a(libc_a-mallocr.o)
                0x20000b80                __malloc_free_list
 .bss.heap_end.0
                0x20000b84        0x4 C:/SysGCC/arm-eabi/bin/../lib/gcc/arm-none-eabi/13.3.1/thumb/v6-m/nofp\libnosys.a(sbrk.o)
 *(COMMON)
                0x20000b88                        . = ALIGN (0x4)
                0x20000b88                        _ebss = .
                0x20000b88                        __bss_end__ = _ebss

._user_heap_stack
                0x20000b88      0x600 load address 0x0800940c
                0x20000b88                        . = ALIGN (0x8)
                0x20000b88                        PROVIDE (end = .)
                [!provide]                        PROVIDE (_end = .)
                0x20000d88                        . = (. + _Min_Heap_Size)
 *fill*         0x20000b88      0x200 
                0x20001188                        . = (. + _Min_Stack_Size)
 *fill*         0x20000d88      0x400 
                0x20001188                        . = ALIGN (0x8)

/DISCARD/
 libc.a(*)
 libm.a(*)
 libgcc.a(*)

.ARM.attributes
                0x00000000       0x28
 *(.ARM.attributes)
 .ARM.attributes
                0x00000000       0x1e C:/SysGCC/arm-eabi/bin/../lib/gcc/arm-none-eabi/13.3.1/thumb/v6-m/nofp/crti.o
 .ARM.attributes
                0x0000001e       0x2c C:/SysGCC/arm-eabi/bin/../lib/gcc/arm-none-eabi/13.3.1/thumb/v6-m/nofp/crtbegin.o
 .ARM.attributes
                0x0000004a       0x2c build/stm32f0xx_it.o
 .ARM.attributes
                0x00000076       0x2c build/stm32f0xx_hal_msp.o
 .ARM.attributes
                0x000000a2       0x2c build/stm32f0xx_hal_adc.o
 .ARM.attributes
                0x000000ce       0x2c build/stm32f0xx_hal_i2c.o
 .ARM.attributes
                0x000000fa       0x2c build/stm32f0xx_hal_i2c_ex.o
 .ARM.attributes
                0x00000126       0x2c build/stm32f0xx_hal_iwdg.o
 .ARM.attributes
                0x00000152       0x2c build/stm32f0xx_hal_tim.o
 .ARM.attributes
                0x0000017e       0x2c build/stm32f0xx_hal_tim_ex.o
 .ARM.attributes
                0x000001aa       0x2c build/stm32f0xx_hal_pcd.o
 .ARM.attributes
                0x000001d6       0x2c build/stm32f0xx_hal_rcc.o
 .ARM.attributes
                0x00000202       0x2c build/stm32f0xx_hal_rcc_ex.o
 .ARM.attributes
                0x0000022e       0x2c build/stm32f0xx_hal.o
 .ARM.attributes
                0x0000025a       0x2c build/stm32f0xx_hal_gpio.o
 .ARM.attributes
                0x00000286       0x2c build/stm32f0xx_hal_dma.o
 .ARM.attributes
                0x000002b2       0x2c build/stm32f0xx_hal_cortex.o
 .ARM.attributes
                0x000002de       0x2c build/stm32f0xx_hal_flash.o
 .ARM.attributes
                0x0000030a       0x2c build/usbd_core.o
 .ARM.attributes
                0x00000336       0x2c build/usbd_ctlreq.o
 .ARM.attributes
                0x00000362       0x2c build/usbd_ioreq.o
 .ARM.attributes
                0x0000038e       0x2c build/usbd_cdc.o
 .ARM.attributes
                0x000003ba       0x2c build/usbd_conf.o
 .ARM.attributes
                0x000003e6       0x2c build/main.o
 .ARM.attributes
                0x00000412       0x2c build/stusb4500.o
 .ARM.attributes
                0x0000043e       0x2c build/system_stm32f0xx.o
 .ARM.attributes
                0x0000046a       0x21 build/startup_stm32f072xb.o
 .ARM.attributes
                0x0000048b       0x2c C:/SysGCC/arm-eabi/bin/../lib/gcc/arm-none-eabi/13.3.1/thumb/v6-m/nofp\libc_nano.a(libc_a-findfp.o)
 .ARM.attributes
                0x000004b7       0x2c C:/SysGCC/arm-eabi/bin/../lib/gcc/arm-none-eabi/13.3.1/thumb/v6-m/nofp\libc_nano.a(libc_a-sprintf.o)
 .ARM.attributes
                0x000004e3       0x2c C:/SysGCC/arm-eabi/bin/../lib/gcc/arm-none-eabi/13.3.1/thumb/v6-m/nofp\libc_nano.a(libc_a-memset.o)
 .ARM.attributes
                0x0000050f       0x2c C:/SysGCC/arm-eabi/bin/../lib/gcc/arm-none-eabi/13.3.1/thumb/v6-m/nofp\libc_nano.a(libc_a-reent.o)
 .ARM.attributes
                0x0000053b       0x2c C:/SysGCC/arm-eabi/bin/../lib/gcc/arm-none-eabi/13.3.1/thumb/v6-m/nofp\libc_nano.a(libc_a-impure.o)
 .ARM.attributes
                0x00000567       0x2c C:/SysGCC/arm-eabi/bin/../lib/gcc/arm-none-eabi/13.3.1/thumb/v6-m/nofp\libc_nano.a(libc_a-init.o)
 .ARM.attributes
                0x00000593       0x2c C:/SysGCC/arm-eabi/bin/../lib/gcc/arm-none-eabi/13.3.1/thumb/v6-m/nofp\libc_nano.a(libc_a-lock.o)
 .ARM.attributes
                0x000005bf       0x2c C:/SysGCC/arm-eabi/bin/../lib/gcc/arm-none-eabi/13.3.1/thumb/v6-m/nofp\libc_nano.a(libc_a-freer.o)
 .ARM.attributes
                0x000005eb       0x2c C:/SysGCC/arm-eabi/bin/../lib/gcc/arm-none-eabi/13.3.1/thumb/v6-m/nofp\libc_nano.a(libc_a-mallocr.o)
 .ARM.attributes
                0x00000617       0x2c C:/SysGCC/arm-eabi/bin/../lib/gcc/arm-none-eabi/13.3.1/thumb/v6-m/nofp\libc_nano.a(libc_a-mlock.o)
 .ARM.attributes
                0x00000643       0x2c C:/SysGCC/arm-eabi/bin/../lib/gcc/arm-none-eabi/13.3.1/thumb/v6-m/nofp\libc_nano.a(libc_a-nano-svfprintf.o)
 .ARM.attributes
                0x0000066f       0x2c C:/SysGCC/arm-eabi/bin/../lib/gcc/arm-none-eabi/13.3.1/thumb/v6-m/nofp\libc_nano.a(libc_a-nano-vfprintf_i.o)
 .ARM.attributes
                0x0000069b       0x2c C:/SysGCC/arm-eabi/bin/../lib/gcc/arm-none-eabi/13.3.1/thumb/v6-m/nofp\libc_nano.a(libc_a-memmove.o)
 .ARM.attributes
                0x000006c7       0x2c C:/SysGCC/arm-eabi/bin/../lib/gcc/arm-none-eabi/13.3.1/thumb/v6-m/nofp\libc_nano.a(libc_a-sbrkr.o)
 .ARM.attributes
                0x000006f3       0x2c C:/SysGCC/arm-eabi/bin/../lib/gcc/arm-none-eabi/13.3.1/thumb/v6-m/nofp\libc_nano.a(libc_a-memchr-stub.o)
 .ARM.attributes
                0x0000071f       0x2c C:/SysGCC/arm-eabi/bin/../lib/gcc/arm-none-eabi/13.3.1/thumb/v6-m/nofp\libc_nano.a(libc_a-memcpy-stub.o)
 .ARM.attributes
                0x0000074b       0x2c C:/SysGCC/arm-eabi/bin/../lib/gcc/arm-none-eabi/13.3.1/thumb/v6-m/nofp\libc_nano.a(libc_a-reallocr.o)
 .ARM.attributes
                0x00000777       0x2c C:/SysGCC/arm-eabi/bin/../lib/gcc/arm-none-eabi/13.3.1/thumb/v6-m/nofp\libc_nano.a(libc_a-msizer.o)
 .ARM.attributes
                0x000007a3       0x2c C:/SysGCC/arm-eabi/bin/../lib/gcc/arm-none-eabi/13.3.1/thumb/v6-m/nofp\libm.a(libm_a-s_ceil.o)
 .ARM.attributes
                0x000007cf       0x2c C:/SysGCC/arm-eabi/bin/../lib/gcc/arm-none-eabi/13.3.1/thumb/v6-m/nofp\libnosys.a(sbrk.o)
 .ARM.attributes
                0x000007fb       0x1e C:/SysGCC/arm-eabi/bin/../lib/gcc/arm-none-eabi/13.3.1/thumb/v6-m/nofp\libgcc.a(_thumb1_case_shi.o)
 .ARM.attributes
                0x00000819       0x1e C:/SysGCC/arm-eabi/bin/../lib/gcc/arm-none-eabi/13.3.1/thumb/v6-m/nofp\libgcc.a(_udivsi3.o)
 .ARM.attributes
                0x00000837       0x1e C:/SysGCC/arm-eabi/bin/../lib/gcc/arm-none-eabi/13.3.1/thumb/v6-m/nofp\libgcc.a(_dvmd_tls.o)
 .ARM.attributes
                0x00000855       0x1e C:/SysGCC/arm-eabi/bin/../lib/gcc/arm-none-eabi/13.3.1/thumb/v6-m/nofp\libgcc.a(_arm_cmpdf2.o)
 .ARM.attributes
                0x00000873       0x1e C:/SysGCC/arm-eabi/bin/../lib/gcc/arm-none-eabi/13.3.1/thumb/v6-m/nofp\libgcc.a(_arm_cmpsf2.o)
 .ARM.attributes
                0x00000891       0x2c C:/SysGCC/arm-eabi/bin/../lib/gcc/arm-none-eabi/13.3.1/thumb/v6-m/nofp\libgcc.a(_fixunssfsi.o)
 .ARM.attributes
                0x000008bd       0x2c C:/SysGCC/arm-eabi/bin/../lib/gcc/arm-none-eabi/13.3.1/thumb/v6-m/nofp\libgcc.a(_fixunsdfsi.o)
 .ARM.attributes
                0x000008e9       0x2c C:/SysGCC/arm-eabi/bin/../lib/gcc/arm-none-eabi/13.3.1/thumb/v6-m/nofp\libgcc.a(addsf3.o)
 .ARM.attributes
                0x00000915       0x2c C:/SysGCC/arm-eabi/bin/../lib/gcc/arm-none-eabi/13.3.1/thumb/v6-m/nofp\libgcc.a(divsf3.o)
 .ARM.attributes
                0x00000941       0x2c C:/SysGCC/arm-eabi/bin/../lib/gcc/arm-none-eabi/13.3.1/thumb/v6-m/nofp\libgcc.a(eqsf2.o)
 .ARM.attributes
                0x0000096d       0x2c C:/SysGCC/arm-eabi/bin/../lib/gcc/arm-none-eabi/13.3.1/thumb/v6-m/nofp\libgcc.a(gesf2.o)
 .ARM.attributes
                0x00000999       0x2c C:/SysGCC/arm-eabi/bin/../lib/gcc/arm-none-eabi/13.3.1/thumb/v6-m/nofp\libgcc.a(lesf2.o)
 .ARM.attributes
                0x000009c5       0x2c C:/SysGCC/arm-eabi/bin/../lib/gcc/arm-none-eabi/13.3.1/thumb/v6-m/nofp\libgcc.a(mulsf3.o)
 .ARM.attributes
                0x000009f1       0x2c C:/SysGCC/arm-eabi/bin/../lib/gcc/arm-none-eabi/13.3.1/thumb/v6-m/nofp\libgcc.a(subsf3.o)
 .ARM.attributes
                0x00000a1d       0x2c C:/SysGCC/arm-eabi/bin/../lib/gcc/arm-none-eabi/13.3.1/thumb/v6-m/nofp\libgcc.a(fixsfsi.o)
 .ARM.attributes
                0x00000a49       0x2c C:/SysGCC/arm-eabi/bin/../lib/gcc/arm-none-eabi/13.3.1/thumb/v6-m/nofp\libgcc.a(floatsisf.o)
 .ARM.attributes
                0x00000a75       0x2c C:/SysGCC/arm-eabi/bin/../lib/gcc/arm-none-eabi/13.3.1/thumb/v6-m/nofp\libgcc.a(floatunsisf.o)
 .ARM.attributes
                0x00000aa1       0x2c C:/SysGCC/arm-eabi/bin/../lib/gcc/arm-none-eabi/13.3.1/thumb/v6-m/nofp\libgcc.a(adddf3.o)
 .ARM.attributes
                0x00000acd       0x2c C:/SysGCC/arm-eabi/bin/../lib/gcc/arm-none-eabi/13.3.1/thumb/v6-m/nofp\libgcc.a(divdf3.o)
 .ARM.attributes
                0x00000af9       0x2c C:/SysGCC/arm-eabi/bin/../lib/gcc/arm-none-eabi/13.3.1/thumb/v6-m/nofp\libgcc.a(eqdf2.o)
 .ARM.attributes
                0x00000b25       0x2c C:/SysGCC/arm-eabi/bin/../lib/gcc/arm-none-eabi/13.3.1/thumb/v6-m/nofp\libgcc.a(gedf2.o)
 .ARM.attributes
                0x00000b51       0x2c C:/SysGCC/arm-eabi/bin/../lib/gcc/arm-none-eabi/13.3.1/thumb/v6-m/nofp\libgcc.a(ledf2.o)
 .ARM.attributes
                0x00000b7d       0x2c C:/SysGCC/arm-eabi/bin/../lib/gcc/arm-none-eabi/13.3.1/thumb/v6-m/nofp\libgcc.a(muldf3.o)
 .ARM.attributes
                0x00000ba9       0x2c C:/SysGCC/arm-eabi/bin/../lib/gcc/arm-none-eabi/13.3.1/thumb/v6-m/nofp\libgcc.a(subdf3.o)
 .ARM.attributes
                0x00000bd5       0x2c C:/SysGCC/arm-eabi/bin/../lib/gcc/arm-none-eabi/13.3.1/thumb/v6-m/nofp\libgcc.a(fixdfsi.o)
 .ARM.attributes
                0x00000c01       0x2c C:/SysGCC/arm-eabi/bin/../lib/gcc/arm-none-eabi/13.3.1/thumb/v6-m/nofp\libgcc.a(floatsidf.o)
 .ARM.attributes
                0x00000c2d       0x2c C:/SysGCC/arm-eabi/bin/../lib/gcc/arm-none-eabi/13.3.1/thumb/v6-m/nofp\libgcc.a(extendsfdf2.o)
 .ARM.attributes
                0x00000c59       0x2c C:/SysGCC/arm-eabi/bin/../lib/gcc/arm-none-eabi/13.3.1/thumb/v6-m/nofp\libgcc.a(truncdfsf2.o)
 .ARM.attributes
                0x00000c85       0x1e C:/SysGCC/arm-eabi/bin/../lib/gcc/arm-none-eabi/13.3.1/thumb/v6-m/nofp\libgcc.a(_clzsi2.o)
 .ARM.attributes
                0x00000ca3       0x2c C:/SysGCC/arm-eabi/bin/../lib/gcc/arm-none-eabi/13.3.1/thumb/v6-m/nofp/crtend.o
 .ARM.attributes
                0x00000ccf       0x1e C:/SysGCC/arm-eabi/bin/../lib/gcc/arm-none-eabi/13.3.1/thumb/v6-m/nofp/crtn.o
OUTPUT(build/firmware.elf elf32-littlearm)
LOAD linker stubs
LOAD C:/SysGCC/arm-eabi/bin/../lib/gcc/arm-none-eabi/13.3.1/thumb/v6-m/nofp\libc.a
LOAD C:/SysGCC/arm-eabi/bin/../lib/gcc/arm-none-eabi/13.3.1/thumb/v6-m/nofp\libm.a
LOAD C:/SysGCC/arm-eabi/bin/../lib/gcc/arm-none-eabi/13.3.1/thumb/v6-m/nofp\libgcc.a

.debug_info     0x00000000    0x1b903
 .debug_info    0x00000000      0xf3f build/stm32f0xx_it.o
 .debug_info    0x00000f3f     0x1475 build/stm32f0xx_hal_msp.o
 .debug_info    0x000023b4     0x10d7 build/stm32f0xx_hal_adc.o
 .debug_info    0x0000348b     0x384b build/stm32f0xx_hal_i2c.o
 .debug_info    0x00006cd6      0x986 build/stm32f0xx_hal_i2c_ex.o
 .debug_info    0x0000765c      0x26a build/stm32f0xx_hal_iwdg.o
 .debug_info    0x000078c6     0x3724 build/stm32f0xx_hal_tim.o
 .debug_info    0x0000afea     0x1759 build/stm32f0xx_hal_tim_ex.o
 .debug_info    0x0000c743     0x1646 build/stm32f0xx_hal_pcd.o
 .debug_info    0x0000dd89      0xb25 build/stm32f0xx_hal_rcc.o
 .debug_info    0x0000e8ae      0x7e4 build/stm32f0xx_hal_rcc_ex.o
 .debug_info    0x0000f092      0x744 build/stm32f0xx_hal.o
 .debug_info    0x0000f7d6      0x6e2 build/stm32f0xx_hal_gpio.o
 .debug_info    0x0000feb8      0x945 build/stm32f0xx_hal_dma.o
 .debug_info    0x000107fd      0x90c build/stm32f0xx_hal_cortex.o
 .debug_info    0x00011109      0x6e0 build/stm32f0xx_hal_flash.o
 .debug_info    0x000117e9      0xf49 build/usbd_core.o
 .debug_info    0x00012732     0x1072 build/usbd_ctlreq.o
 .debug_info    0x000137a4      0x931 build/usbd_ioreq.o
 .debug_info    0x000140d5      0xf9e build/usbd_cdc.o
 .debug_info    0x00015073     0x1c00 build/usbd_conf.o
 .debug_info    0x00016c73     0x3b36 build/main.o
 .debug_info    0x0001a7a9      0xdf1 build/stusb4500.o
 .debug_info    0x0001b59a      0x339 build/system_stm32f0xx.o
 .debug_info    0x0001b8d3       0x30 build/startup_stm32f072xb.o

.debug_abbrev   0x00000000     0x3b46
 .debug_abbrev  0x00000000      0x1f4 build/stm32f0xx_it.o
 .debug_abbrev  0x000001f4      0x280 build/stm32f0xx_hal_msp.o
 .debug_abbrev  0x00000474      0x2a5 build/stm32f0xx_hal_adc.o
 .debug_abbrev  0x00000719      0x2db build/stm32f0xx_hal_i2c.o
 .debug_abbrev  0x000009f4      0x1b5 build/stm32f0xx_hal_i2c_ex.o
 .debug_abbrev  0x00000ba9      0x152 build/stm32f0xx_hal_iwdg.o
 .debug_abbrev  0x00000cfb      0x2cc build/stm32f0xx_hal_tim.o
 .debug_abbrev  0x00000fc7      0x296 build/stm32f0xx_hal_tim_ex.o
 .debug_abbrev  0x0000125d      0x324 build/stm32f0xx_hal_pcd.o
 .debug_abbrev  0x00001581      0x289 build/stm32f0xx_hal_rcc.o
 .debug_abbrev  0x0000180a      0x1f0 build/stm32f0xx_hal_rcc_ex.o
 .debug_abbrev  0x000019fa      0x20c build/stm32f0xx_hal.o
 .debug_abbrev  0x00001c06      0x22b build/stm32f0xx_hal_gpio.o
 .debug_abbrev  0x00001e31      0x242 build/stm32f0xx_hal_dma.o
 .debug_abbrev  0x00002073      0x2cc build/stm32f0xx_hal_cortex.o
 .debug_abbrev  0x0000233f      0x2aa build/stm32f0xx_hal_flash.o
 .debug_abbrev  0x000025e9      0x28b build/usbd_core.o
 .debug_abbrev  0x00002874      0x2cc build/usbd_ctlreq.o
 .debug_abbrev  0x00002b40      0x16e build/usbd_ioreq.o
 .debug_abbrev  0x00002cae      0x2fb build/usbd_cdc.o
 .debug_abbrev  0x00002fa9      0x34f build/usbd_conf.o
 .debug_abbrev  0x000032f8      0x422 build/main.o
 .debug_abbrev  0x0000371a      0x272 build/stusb4500.o
 .debug_abbrev  0x0000398c      0x19d build/system_stm32f0xx.o
 .debug_abbrev  0x00003b29       0x1d build/startup_stm32f072xb.o

.debug_loc      0x00000000    0x15367
 .debug_loc     0x00000000       0xe0 build/stm32f0xx_it.o
 .debug_loc     0x000000e0      0x397 build/stm32f0xx_hal_msp.o
 .debug_loc     0x00000477     0x11b1 build/stm32f0xx_hal_adc.o
 .debug_loc     0x00001628     0x4d15 build/stm32f0xx_hal_i2c.o
 .debug_loc     0x0000633d      0x340 build/stm32f0xx_hal_i2c_ex.o
 .debug_loc     0x0000667d       0xd9 build/stm32f0xx_hal_iwdg.o
 .debug_loc     0x00006756     0x4b88 build/stm32f0xx_hal_tim.o
 .debug_loc     0x0000b2de     0x1a7c build/stm32f0xx_hal_tim_ex.o
 .debug_loc     0x0000cd5a     0x186f build/stm32f0xx_hal_pcd.o
 .debug_loc     0x0000e5c9      0x789 build/stm32f0xx_hal_rcc.o
 .debug_loc     0x0000ed52      0x9cb build/stm32f0xx_hal_rcc_ex.o
 .debug_loc     0x0000f71d      0x11e build/stm32f0xx_hal.o
 .debug_loc     0x0000f83b      0x4da build/stm32f0xx_hal_gpio.o
 .debug_loc     0x0000fd15      0xb29 build/stm32f0xx_hal_dma.o
 .debug_loc     0x0001083e      0x4a8 build/stm32f0xx_hal_cortex.o
 .debug_loc     0x00010ce6      0x47c build/stm32f0xx_hal_flash.o
 .debug_loc     0x00011162      0xb0a build/usbd_core.o
 .debug_loc     0x00011c6c      0xfbb build/usbd_ctlreq.o
 .debug_loc     0x00012c27      0x3f8 build/usbd_ioreq.o
 .debug_loc     0x0001301f      0x817 build/usbd_cdc.o
 .debug_loc     0x00013836      0xbfb build/usbd_conf.o
 .debug_loc     0x00014431      0x836 build/main.o
 .debug_loc     0x00014c67      0x50c build/stusb4500.o
 .debug_loc     0x00015173      0x1f4 build/system_stm32f0xx.o

.debug_aranges  0x00000000     0x12c0
 .debug_aranges
                0x00000000       0x70 build/stm32f0xx_it.o
 .debug_aranges
                0x00000070       0x58 build/stm32f0xx_hal_msp.o
 .debug_aranges
                0x000000c8       0xf8 build/stm32f0xx_hal_adc.o
 .debug_aranges
                0x000001c0      0x260 build/stm32f0xx_hal_i2c.o
 .debug_aranges
                0x00000420       0x48 build/stm32f0xx_hal_i2c_ex.o
 .debug_aranges
                0x00000468       0x28 build/stm32f0xx_hal_iwdg.o
 .debug_aranges
                0x00000490      0x378 build/stm32f0xx_hal_tim.o
 .debug_aranges
                0x00000808      0x148 build/stm32f0xx_hal_tim_ex.o
 .debug_aranges
                0x00000950      0x130 build/stm32f0xx_hal_pcd.o
 .debug_aranges
                0x00000a80       0x80 build/stm32f0xx_hal_rcc.o
 .debug_aranges
                0x00000b00       0x78 build/stm32f0xx_hal_rcc_ex.o
 .debug_aranges
                0x00000b78       0xb8 build/stm32f0xx_hal.o
 .debug_aranges
                0x00000c30       0x58 build/stm32f0xx_hal_gpio.o
 .debug_aranges
                0x00000c88       0x88 build/stm32f0xx_hal_dma.o
 .debug_aranges
                0x00000d10       0x98 build/stm32f0xx_hal_cortex.o
 .debug_aranges
                0x00000da8       0x88 build/stm32f0xx_hal_flash.o
 .debug_aranges
                0x00000e30       0xb8 build/usbd_core.o
 .debug_aranges
                0x00000ee8       0x88 build/usbd_ctlreq.o
 .debug_aranges
                0x00000f70       0x50 build/usbd_ioreq.o
 .debug_aranges
                0x00000fc0       0x90 build/usbd_cdc.o
 .debug_aranges
                0x00001050      0x108 build/usbd_conf.o
 .debug_aranges
                0x00001158       0xd0 build/main.o
 .debug_aranges
                0x00001228       0x48 build/stusb4500.o
 .debug_aranges
                0x00001270       0x28 build/system_stm32f0xx.o
 .debug_aranges
                0x00001298       0x28 build/startup_stm32f072xb.o

.debug_ranges   0x00000000     0x12b8
 .debug_ranges  0x00000000       0x60 build/stm32f0xx_it.o
 .debug_ranges  0x00000060       0x48 build/stm32f0xx_hal_msp.o
 .debug_ranges  0x000000a8       0xe8 build/stm32f0xx_hal_adc.o
 .debug_ranges  0x00000190      0x250 build/stm32f0xx_hal_i2c.o
 .debug_ranges  0x000003e0       0x38 build/stm32f0xx_hal_i2c_ex.o
 .debug_ranges  0x00000418       0x18 build/stm32f0xx_hal_iwdg.o
 .debug_ranges  0x00000430      0x368 build/stm32f0xx_hal_tim.o
 .debug_ranges  0x00000798      0x138 build/stm32f0xx_hal_tim_ex.o
 .debug_ranges  0x000008d0      0x210 build/stm32f0xx_hal_pcd.o
 .debug_ranges  0x00000ae0       0x88 build/stm32f0xx_hal_rcc.o
 .debug_ranges  0x00000b68       0x80 build/stm32f0xx_hal_rcc_ex.o
 .debug_ranges  0x00000be8       0xa8 build/stm32f0xx_hal.o
 .debug_ranges  0x00000c90       0x48 build/stm32f0xx_hal_gpio.o
 .debug_ranges  0x00000cd8       0x78 build/stm32f0xx_hal_dma.o
 .debug_ranges  0x00000d50       0x88 build/stm32f0xx_hal_cortex.o
 .debug_ranges  0x00000dd8       0x78 build/stm32f0xx_hal_flash.o
 .debug_ranges  0x00000e50       0xa8 build/usbd_core.o
 .debug_ranges  0x00000ef8       0x78 build/usbd_ctlreq.o
 .debug_ranges  0x00000f70       0x40 build/usbd_ioreq.o
 .debug_ranges  0x00000fb0       0x80 build/usbd_cdc.o
 .debug_ranges  0x00001030       0xf8 build/usbd_conf.o
 .debug_ranges  0x00001128      0x120 build/main.o
 .debug_ranges  0x00001248       0x38 build/stusb4500.o
 .debug_ranges  0x00001280       0x18 build/system_stm32f0xx.o
 .debug_ranges  0x00001298       0x20 build/startup_stm32f072xb.o

.debug_line     0x00000000    0x10eff
 .debug_line    0x00000000      0x2ac build/stm32f0xx_it.o
 .debug_line    0x000002ac      0x49a build/stm32f0xx_hal_msp.o
 .debug_line    0x00000746      0xf69 build/stm32f0xx_hal_adc.o
 .debug_line    0x000016af     0x3649 build/stm32f0xx_hal_i2c.o
 .debug_line    0x00004cf8      0x39d build/stm32f0xx_hal_i2c_ex.o
 .debug_line    0x00005095      0x23e build/stm32f0xx_hal_iwdg.o
 .debug_line    0x000052d3     0x30dc build/stm32f0xx_hal_tim.o
 .debug_line    0x000083af     0x10ad build/stm32f0xx_hal_tim_ex.o
 .debug_line    0x0000945c     0x1344 build/stm32f0xx_hal_pcd.o
 .debug_line    0x0000a7a0      0xc6c build/stm32f0xx_hal_rcc.o
 .debug_line    0x0000b40c      0x8db build/stm32f0xx_hal_rcc_ex.o
 .debug_line    0x0000bce7      0x405 build/stm32f0xx_hal.o
 .debug_line    0x0000c0ec      0x52b build/stm32f0xx_hal_gpio.o
 .debug_line    0x0000c617      0x9c9 build/stm32f0xx_hal_dma.o
 .debug_line    0x0000cfe0      0x494 build/stm32f0xx_hal_cortex.o
 .debug_line    0x0000d474      0x650 build/stm32f0xx_hal_flash.o
 .debug_line    0x0000dac4      0x616 build/usbd_core.o
 .debug_line    0x0000e0da      0x85f build/usbd_ctlreq.o
 .debug_line    0x0000e939      0x24d build/usbd_ioreq.o
 .debug_line    0x0000eb86      0x5b4 build/usbd_cdc.o
 .debug_line    0x0000f13a      0x681 build/usbd_conf.o
 .debug_line    0x0000f7bb     0x10c1 build/main.o
 .debug_line    0x0001087c      0x35d build/stusb4500.o
 .debug_line    0x00010bd9      0x2b1 build/system_stm32f0xx.o
 .debug_line    0x00010e8a       0x75 build/startup_stm32f072xb.o

.debug_str      0x00000000     0x53e6
 .debug_str     0x00000000     0x53e6 build/stm32f0xx_it.o
                                0xa6f (size before relaxing)
 .debug_str     0x000053e6      0xd87 build/stm32f0xx_hal_msp.o
 .debug_str     0x000053e6      0x8af build/stm32f0xx_hal_adc.o
 .debug_str     0x000053e6      0xe60 build/stm32f0xx_hal_i2c.o
 .debug_str     0x000053e6      0x7c6 build/stm32f0xx_hal_i2c_ex.o
 .debug_str     0x000053e6      0x272 build/stm32f0xx_hal_iwdg.o
 .debug_str     0x000053e6     0x137f build/stm32f0xx_hal_tim.o
 .debug_str     0x000053e6      0xcc8 build/stm32f0xx_hal_tim_ex.o
 .debug_str     0x000053e6      0x889 build/stm32f0xx_hal_pcd.o
 .debug_str     0x000053e6      0x61b build/stm32f0xx_hal_rcc.o
 .debug_str     0x000053e6      0x612 build/stm32f0xx_hal_rcc_ex.o
 .debug_str     0x000053e6      0x638 build/stm32f0xx_hal.o
 .debug_str     0x000053e6      0x3eb build/stm32f0xx_hal_gpio.o
 .debug_str     0x000053e6      0x608 build/stm32f0xx_hal_dma.o
 .debug_str     0x000053e6      0x628 build/stm32f0xx_hal_cortex.o
 .debug_str     0x000053e6      0x4ff build/stm32f0xx_hal_flash.o
 .debug_str     0x000053e6      0x81a build/usbd_core.o
 .debug_str     0x000053e6      0x723 build/usbd_ctlreq.o
 .debug_str     0x000053e6      0x650 build/usbd_ioreq.o
 .debug_str     0x000053e6      0x8a2 build/usbd_cdc.o
 .debug_str     0x000053e6      0xfa5 build/usbd_conf.o
 .debug_str     0x000053e6     0x1c08 build/main.o
 .debug_str     0x000053e6      0x8eb build/stusb4500.o
 .debug_str     0x000053e6      0x285 build/system_stm32f0xx.o
 .debug_str     0x000053e6       0x6a build/startup_stm32f072xb.o

.comment        0x00000000       0x45
 .comment       0x00000000       0x45 build/stm32f0xx_it.o
                                 0x46 (size before relaxing)
 .comment       0x00000045       0x46 build/stm32f0xx_hal_msp.o
 .comment       0x00000045       0x46 build/stm32f0xx_hal_adc.o
 .comment       0x00000045       0x46 build/stm32f0xx_hal_i2c.o
 .comment       0x00000045       0x46 build/stm32f0xx_hal_i2c_ex.o
 .comment       0x00000045       0x46 build/stm32f0xx_hal_iwdg.o
 .comment       0x00000045       0x46 build/stm32f0xx_hal_tim.o
 .comment       0x00000045       0x46 build/stm32f0xx_hal_tim_ex.o
 .comment       0x00000045       0x46 build/stm32f0xx_hal_pcd.o
 .comment       0x00000045       0x46 build/stm32f0xx_hal_rcc.o
 .comment       0x00000045       0x46 build/stm32f0xx_hal_rcc_ex.o
 .comment       0x00000045       0x46 build/stm32f0xx_hal.o
 .comment       0x00000045       0x46 build/stm32f0xx_hal_gpio.o
 .comment       0x00000045       0x46 build/stm32f0xx_hal_dma.o
 .comment       0x00000045       0x46 build/stm32f0xx_hal_cortex.o
 .comment       0x00000045       0x46 build/stm32f0xx_hal_flash.o
 .comment       0x00000045       0x46 build/usbd_core.o
 .comment       0x00000045       0x46 build/usbd_ctlreq.o
 .comment       0x00000045       0x46 build/usbd_ioreq.o
 .comment       0x00000045       0x46 build/usbd_cdc.o
 .comment       0x00000045       0x46 build/usbd_conf.o
 .comment       0x00000045       0x46 build/main.o
 .comment       0x00000045       0x46 build/stusb4500.o
 .comment       0x00000045       0x46 build/system_stm32f0xx.o

.debug_frame    0x00000000     0x3b50
 .debug_frame   0x00000000       0xf8 build/stm32f0xx_it.o
 .debug_frame   0x000000f8       0xd8 build/stm32f0xx_hal_msp.o
 .debug_frame   0x000001d0      0x2a0 build/stm32f0xx_hal_adc.o
 .debug_frame   0x00000470      0x7a0 build/stm32f0xx_hal_i2c.o
 .debug_frame   0x00000c10       0xb0 build/stm32f0xx_hal_i2c_ex.o
 .debug_frame   0x00000cc0       0x3c build/stm32f0xx_hal_iwdg.o
 .debug_frame   0x00000cfc      0x9dc build/stm32f0xx_hal_tim.o
 .debug_frame   0x000016d8      0x3a8 build/stm32f0xx_hal_tim_ex.o
 .debug_frame   0x00001a80      0x2ec build/stm32f0xx_hal_pcd.o
 .debug_frame   0x00001d6c      0x130 build/stm32f0xx_hal_rcc.o
 .debug_frame   0x00001e9c       0xfc build/stm32f0xx_hal_rcc_ex.o
 .debug_frame   0x00001f98      0x174 build/stm32f0xx_hal.o
 .debug_frame   0x0000210c       0xd0 build/stm32f0xx_hal_gpio.o
 .debug_frame   0x000021dc      0x168 build/stm32f0xx_hal_dma.o
 .debug_frame   0x00002344      0x144 build/stm32f0xx_hal_cortex.o
 .debug_frame   0x00002488      0x144 build/stm32f0xx_hal_flash.o
 .debug_frame   0x000025cc      0x1bc build/usbd_core.o
 .debug_frame   0x00002788      0x168 build/usbd_ctlreq.o
 .debug_frame   0x000028f0       0xb8 build/usbd_ioreq.o
 .debug_frame   0x000029a8      0x148 build/usbd_cdc.o
 .debug_frame   0x00002af0      0x2b8 build/usbd_conf.o
 .debug_frame   0x00002da8      0x290 build/main.o
 .debug_frame   0x00003038       0xb4 build/stusb4500.o
 .debug_frame   0x000030ec       0x44 build/system_stm32f0xx.o
 .debug_frame   0x00003130      0x138 C:/SysGCC/arm-eabi/bin/../lib/gcc/arm-none-eabi/13.3.1/thumb/v6-m/nofp\libc_nano.a(libc_a-findfp.o)
 .debug_frame   0x00003268       0x50 C:/SysGCC/arm-eabi/bin/../lib/gcc/arm-none-eabi/13.3.1/thumb/v6-m/nofp\libc_nano.a(libc_a-sprintf.o)
 .debug_frame   0x000032b8       0x20 C:/SysGCC/arm-eabi/bin/../lib/gcc/arm-none-eabi/13.3.1/thumb/v6-m/nofp\libc_nano.a(libc_a-memset.o)
 .debug_frame   0x000032d8       0x2c C:/SysGCC/arm-eabi/bin/../lib/gcc/arm-none-eabi/13.3.1/thumb/v6-m/nofp\libc_nano.a(libc_a-reent.o)
 .debug_frame   0x00003304       0x2c C:/SysGCC/arm-eabi/bin/../lib/gcc/arm-none-eabi/13.3.1/thumb/v6-m/nofp\libc_nano.a(libc_a-init.o)
 .debug_frame   0x00003330       0xb0 C:/SysGCC/arm-eabi/bin/../lib/gcc/arm-none-eabi/13.3.1/thumb/v6-m/nofp\libc_nano.a(libc_a-lock.o)
 .debug_frame   0x000033e0       0x2c C:/SysGCC/arm-eabi/bin/../lib/gcc/arm-none-eabi/13.3.1/thumb/v6-m/nofp\libc_nano.a(libc_a-freer.o)
 .debug_frame   0x0000340c       0x50 C:/SysGCC/arm-eabi/bin/../lib/gcc/arm-none-eabi/13.3.1/thumb/v6-m/nofp\libc_nano.a(libc_a-mallocr.o)
 .debug_frame   0x0000345c       0x40 C:/SysGCC/arm-eabi/bin/../lib/gcc/arm-none-eabi/13.3.1/thumb/v6-m/nofp\libc_nano.a(libc_a-mlock.o)
 .debug_frame   0x0000349c       0x74 C:/SysGCC/arm-eabi/bin/../lib/gcc/arm-none-eabi/13.3.1/thumb/v6-m/nofp\libc_nano.a(libc_a-nano-svfprintf.o)
 .debug_frame   0x00003510       0x54 C:/SysGCC/arm-eabi/bin/../lib/gcc/arm-none-eabi/13.3.1/thumb/v6-m/nofp\libc_nano.a(libc_a-nano-vfprintf_i.o)
 .debug_frame   0x00003564       0x28 C:/SysGCC/arm-eabi/bin/../lib/gcc/arm-none-eabi/13.3.1/thumb/v6-m/nofp\libc_nano.a(libc_a-memmove.o)
 .debug_frame   0x0000358c       0x2c C:/SysGCC/arm-eabi/bin/../lib/gcc/arm-none-eabi/13.3.1/thumb/v6-m/nofp\libc_nano.a(libc_a-sbrkr.o)
 .debug_frame   0x000035b8       0x20 C:/SysGCC/arm-eabi/bin/../lib/gcc/arm-none-eabi/13.3.1/thumb/v6-m/nofp\libc_nano.a(libc_a-memchr-stub.o)
 .debug_frame   0x000035d8       0x28 C:/SysGCC/arm-eabi/bin/../lib/gcc/arm-none-eabi/13.3.1/thumb/v6-m/nofp\libc_nano.a(libc_a-memcpy-stub.o)
 .debug_frame   0x00003600       0x34 C:/SysGCC/arm-eabi/bin/../lib/gcc/arm-none-eabi/13.3.1/thumb/v6-m/nofp\libc_nano.a(libc_a-reallocr.o)
 .debug_frame   0x00003634       0x20 C:/SysGCC/arm-eabi/bin/../lib/gcc/arm-none-eabi/13.3.1/thumb/v6-m/nofp\libc_nano.a(libc_a-msizer.o)
 .debug_frame   0x00003654       0x38 C:/SysGCC/arm-eabi/bin/../lib/gcc/arm-none-eabi/13.3.1/thumb/v6-m/nofp\libm.a(libm_a-s_ceil.o)
 .debug_frame   0x0000368c       0x20 C:/SysGCC/arm-eabi/bin/../lib/gcc/arm-none-eabi/13.3.1/thumb/v6-m/nofp\libnosys.a(sbrk.o)
 .debug_frame   0x000036ac       0x20 C:/SysGCC/arm-eabi/bin/../lib/gcc/arm-none-eabi/13.3.1/thumb/v6-m/nofp\libgcc.a(_udivsi3.o)
 .debug_frame   0x000036cc       0x28 C:/SysGCC/arm-eabi/bin/../lib/gcc/arm-none-eabi/13.3.1/thumb/v6-m/nofp\libgcc.a(_fixunssfsi.o)
 .debug_frame   0x000036f4       0x2c C:/SysGCC/arm-eabi/bin/../lib/gcc/arm-none-eabi/13.3.1/thumb/v6-m/nofp\libgcc.a(_fixunsdfsi.o)
 .debug_frame   0x00003720       0x34 C:/SysGCC/arm-eabi/bin/../lib/gcc/arm-none-eabi/13.3.1/thumb/v6-m/nofp\libgcc.a(addsf3.o)
 .debug_frame   0x00003754       0x38 C:/SysGCC/arm-eabi/bin/../lib/gcc/arm-none-eabi/13.3.1/thumb/v6-m/nofp\libgcc.a(divsf3.o)
 .debug_frame   0x0000378c       0x2c C:/SysGCC/arm-eabi/bin/../lib/gcc/arm-none-eabi/13.3.1/thumb/v6-m/nofp\libgcc.a(eqsf2.o)
 .debug_frame   0x000037b8       0x2c C:/SysGCC/arm-eabi/bin/../lib/gcc/arm-none-eabi/13.3.1/thumb/v6-m/nofp\libgcc.a(gesf2.o)
 .debug_frame   0x000037e4       0x2c C:/SysGCC/arm-eabi/bin/../lib/gcc/arm-none-eabi/13.3.1/thumb/v6-m/nofp\libgcc.a(lesf2.o)
 .debug_frame   0x00003810       0x38 C:/SysGCC/arm-eabi/bin/../lib/gcc/arm-none-eabi/13.3.1/thumb/v6-m/nofp\libgcc.a(mulsf3.o)
 .debug_frame   0x00003848       0x38 C:/SysGCC/arm-eabi/bin/../lib/gcc/arm-none-eabi/13.3.1/thumb/v6-m/nofp\libgcc.a(subsf3.o)
 .debug_frame   0x00003880       0x20 C:/SysGCC/arm-eabi/bin/../lib/gcc/arm-none-eabi/13.3.1/thumb/v6-m/nofp\libgcc.a(fixsfsi.o)
 .debug_frame   0x000038a0       0x2c C:/SysGCC/arm-eabi/bin/../lib/gcc/arm-none-eabi/13.3.1/thumb/v6-m/nofp\libgcc.a(floatsisf.o)
 .debug_frame   0x000038cc       0x2c C:/SysGCC/arm-eabi/bin/../lib/gcc/arm-none-eabi/13.3.1/thumb/v6-m/nofp\libgcc.a(floatunsisf.o)
 .debug_frame   0x000038f8       0x3c C:/SysGCC/arm-eabi/bin/../lib/gcc/arm-none-eabi/13.3.1/thumb/v6-m/nofp\libgcc.a(adddf3.o)
 .debug_frame   0x00003934       0x3c C:/SysGCC/arm-eabi/bin/../lib/gcc/arm-none-eabi/13.3.1/thumb/v6-m/nofp\libgcc.a(divdf3.o)
 .debug_frame   0x00003970       0x38 C:/SysGCC/arm-eabi/bin/../lib/gcc/arm-none-eabi/13.3.1/thumb/v6-m/nofp\libgcc.a(eqdf2.o)
 .debug_frame   0x000039a8       0x3c C:/SysGCC/arm-eabi/bin/../lib/gcc/arm-none-eabi/13.3.1/thumb/v6-m/nofp\libgcc.a(gedf2.o)
 .debug_frame   0x000039e4       0x3c C:/SysGCC/arm-eabi/bin/../lib/gcc/arm-none-eabi/13.3.1/thumb/v6-m/nofp\libgcc.a(ledf2.o)
 .debug_frame   0x00003a20       0x3c C:/SysGCC/arm-eabi/bin/../lib/gcc/arm-none-eabi/13.3.1/thumb/v6-m/nofp\libgcc.a(muldf3.o)
 .debug_frame   0x00003a5c       0x3c C:/SysGCC/arm-eabi/bin/../lib/gcc/arm-none-eabi/13.3.1/thumb/v6-m/nofp\libgcc.a(subdf3.o)
 .debug_frame   0x00003a98       0x30 C:/SysGCC/arm-eabi/bin/../lib/gcc/arm-none-eabi/13.3.1/thumb/v6-m/nofp\libgcc.a(fixdfsi.o)
 .debug_frame   0x00003ac8       0x2c C:/SysGCC/arm-eabi/bin/../lib/gcc/arm-none-eabi/13.3.1/thumb/v6-m/nofp\libgcc.a(floatsidf.o)
 .debug_frame   0x00003af4       0x2c C:/SysGCC/arm-eabi/bin/../lib/gcc/arm-none-eabi/13.3.1/thumb/v6-m/nofp\libgcc.a(extendsfdf2.o)
 .debug_frame   0x00003b20       0x30 C:/SysGCC/arm-eabi/bin/../lib/gcc/arm-none-eabi/13.3.1/thumb/v6-m/nofp\libgcc.a(truncdfsf2.o)

.debug_line_str
                0x00000000       0xd5
 .debug_line_str
                0x00000000       0xd5 C:/SysGCC/arm-eabi/bin/../lib/gcc/arm-none-eabi/13.3.1/thumb/v6-m/nofp\libgcc.a(_thumb1_case_shi.o)
                                 0xc9 (size before relaxing)
 .debug_line_str
                0x000000d5       0xc9 C:/SysGCC/arm-eabi/bin/../lib/gcc/arm-none-eabi/13.3.1/thumb/v6-m/nofp\libgcc.a(_udivsi3.o)
 .debug_line_str
                0x000000d5       0xc9 C:/SysGCC/arm-eabi/bin/../lib/gcc/arm-none-eabi/13.3.1/thumb/v6-m/nofp\libgcc.a(_dvmd_tls.o)
 .debug_line_str
                0x000000d5       0xc9 C:/SysGCC/arm-eabi/bin/../lib/gcc/arm-none-eabi/13.3.1/thumb/v6-m/nofp\libgcc.a(_arm_cmpdf2.o)
 .debug_line_str
                0x000000d5       0xc9 C:/SysGCC/arm-eabi/bin/../lib/gcc/arm-none-eabi/13.3.1/thumb/v6-m/nofp\libgcc.a(_arm_cmpsf2.o)
 .debug_line_str
                0x000000d5       0xc9 C:/SysGCC/arm-eabi/bin/../lib/gcc/arm-none-eabi/13.3.1/thumb/v6-m/nofp\libgcc.a(_clzsi2.o)

Cross Reference Table

Symbol                                            File
ADC1_COMP_IRQHandler                              build/stm32f0xx_it.o
AHBPrescTable                                     build/system_stm32f0xx.o
                                                  build/stm32f0xx_hal_rcc.o
APBPrescTable                                     build/system_stm32f0xx.o
                                                  build/stm32f0xx_hal_rcc.o
CEC_CAN_IRQHandler                                build/startup_stm32f072xb.o
DMA1_Channel1_IRQHandler                          build/stm32f0xx_it.o
DMA1_Channel2_3_IRQHandler                        build/startup_stm32f072xb.o
DMA1_Channel4_5_6_7_IRQHandler                    build/startup_stm32f072xb.o
Default_Handler                                   build/startup_stm32f072xb.o
EXTI0_1_IRQHandler                                build/startup_stm32f072xb.o
EXTI2_3_IRQHandler                                build/startup_stm32f072xb.o
EXTI4_15_IRQHandler                               build/startup_stm32f072xb.o
Error_Handler                                     build/main.o
FLASH_IRQHandler                                  build/startup_stm32f072xb.o
FLASH_PageErase                                   build/stm32f0xx_hal_flash_ex.o
                                                  build/stm32f0xx_hal_flash.o
FLASH_WaitForLastOperation                        build/stm32f0xx_hal_flash.o
                                                  build/stm32f0xx_hal_flash_ex.o
HAL_ADCEx_Calibration_Start                       build/stm32f0xx_hal_adc_ex.o
HAL_ADC_AnalogWDGConfig                           build/stm32f0xx_hal_adc.o
HAL_ADC_ConfigChannel                             build/stm32f0xx_hal_adc.o
                                                  build/main.o
HAL_ADC_ConvCpltCallback                          build/stm32f0xx_hal_adc.o
HAL_ADC_ConvHalfCpltCallback                      build/stm32f0xx_hal_adc.o
HAL_ADC_DeInit                                    build/stm32f0xx_hal_adc.o
HAL_ADC_ErrorCallback                             build/stm32f0xx_hal_adc.o
HAL_ADC_GetError                                  build/stm32f0xx_hal_adc.o
HAL_ADC_GetState                                  build/stm32f0xx_hal_adc.o
HAL_ADC_GetValue                                  build/stm32f0xx_hal_adc.o
HAL_ADC_IRQHandler                                build/stm32f0xx_hal_adc.o
                                                  build/stm32f0xx_it.o
HAL_ADC_Init                                      build/stm32f0xx_hal_adc.o
                                                  build/main.o
HAL_ADC_LevelOutOfWindowCallback                  build/stm32f0xx_hal_adc.o
HAL_ADC_MspDeInit                                 build/stm32f0xx_hal_msp.o
HAL_ADC_MspInit                                   build/stm32f0xx_hal_msp.o
                                                  build/main.o
HAL_ADC_PollForConversion                         build/stm32f0xx_hal_adc.o
HAL_ADC_PollForEvent                              build/stm32f0xx_hal_adc.o
HAL_ADC_Start                                     build/stm32f0xx_hal_adc.o
HAL_ADC_Start_DMA                                 build/stm32f0xx_hal_adc.o
                                                  build/main.o
HAL_ADC_Start_IT                                  build/stm32f0xx_hal_adc.o
HAL_ADC_Stop                                      build/stm32f0xx_hal_adc.o
HAL_ADC_Stop_DMA                                  build/stm32f0xx_hal_adc.o
HAL_ADC_Stop_IT                                   build/stm32f0xx_hal_adc.o
HAL_DBGMCU_DisableDBGStandbyMode                  build/stm32f0xx_hal.o
HAL_DBGMCU_DisableDBGStopMode                     build/stm32f0xx_hal.o
HAL_DBGMCU_EnableDBGStandbyMode                   build/stm32f0xx_hal.o
HAL_DBGMCU_EnableDBGStopMode                      build/stm32f0xx_hal.o
HAL_DMA_Abort                                     build/stm32f0xx_hal_dma.o
                                                  build/stm32f0xx_hal_tim.o
                                                  build/stm32f0xx_hal_adc.o
HAL_DMA_Abort_IT                                  build/stm32f0xx_hal_dma.o
                                                  build/stm32f0xx_hal_i2c.o
HAL_DMA_DeInit                                    build/stm32f0xx_hal_dma.o
                                                  build/stm32f0xx_hal_msp.o
HAL_DMA_GetError                                  build/stm32f0xx_hal_dma.o
HAL_DMA_GetState                                  build/stm32f0xx_hal_dma.o
HAL_DMA_IRQHandler                                build/stm32f0xx_hal_dma.o
                                                  build/stm32f0xx_it.o
HAL_DMA_Init                                      build/stm32f0xx_hal_dma.o
                                                  build/stm32f0xx_hal_msp.o
HAL_DMA_PollForTransfer                           build/stm32f0xx_hal_dma.o
HAL_DMA_RegisterCallback                          build/stm32f0xx_hal_dma.o
HAL_DMA_Start                                     build/stm32f0xx_hal_dma.o
HAL_DMA_Start_IT                                  build/stm32f0xx_hal_dma.o
                                                  build/stm32f0xx_hal_tim_ex.o
                                                  build/stm32f0xx_hal_tim.o
                                                  build/stm32f0xx_hal_i2c.o
                                                  build/stm32f0xx_hal_adc.o
HAL_DMA_UnRegisterCallback                        build/stm32f0xx_hal_dma.o
HAL_DeInit                                        build/stm32f0xx_hal.o
HAL_Delay                                         build/stm32f0xx_hal.o
                                                  build/main.o
                                                  build/usbd_conf.o
HAL_FLASHEx_Erase                                 build/stm32f0xx_hal_flash_ex.o
HAL_FLASHEx_Erase_IT                              build/stm32f0xx_hal_flash_ex.o
HAL_FLASHEx_OBErase                               build/stm32f0xx_hal_flash_ex.o
HAL_FLASHEx_OBGetConfig                           build/stm32f0xx_hal_flash_ex.o
HAL_FLASHEx_OBGetUserData                         build/stm32f0xx_hal_flash_ex.o
HAL_FLASHEx_OBProgram                             build/stm32f0xx_hal_flash_ex.o
HAL_FLASH_EndOfOperationCallback                  build/stm32f0xx_hal_flash.o
HAL_FLASH_GetError                                build/stm32f0xx_hal_flash.o
HAL_FLASH_IRQHandler                              build/stm32f0xx_hal_flash.o
HAL_FLASH_Lock                                    build/stm32f0xx_hal_flash.o
                                                  build/main.o
HAL_FLASH_OB_Launch                               build/stm32f0xx_hal_flash.o
HAL_FLASH_OB_Lock                                 build/stm32f0xx_hal_flash.o
HAL_FLASH_OB_Unlock                               build/stm32f0xx_hal_flash.o
HAL_FLASH_OperationErrorCallback                  build/stm32f0xx_hal_flash.o
HAL_FLASH_Program                                 build/stm32f0xx_hal_flash.o
                                                  build/main.o
HAL_FLASH_Program_IT                              build/stm32f0xx_hal_flash.o
HAL_FLASH_Unlock                                  build/stm32f0xx_hal_flash.o
                                                  build/main.o
HAL_GPIO_DeInit                                   build/stm32f0xx_hal_gpio.o
                                                  build/stm32f0xx_hal_msp.o
HAL_GPIO_EXTI_Callback                            build/stm32f0xx_hal_gpio.o
HAL_GPIO_EXTI_IRQHandler                          build/stm32f0xx_hal_gpio.o
HAL_GPIO_Init                                     build/stm32f0xx_hal_gpio.o
                                                  build/main.o
                                                  build/usbd_conf.o
                                                  build/stm32f0xx_hal_rcc.o
                                                  build/stm32f0xx_hal_msp.o
HAL_GPIO_LockPin                                  build/stm32f0xx_hal_gpio.o
HAL_GPIO_ReadPin                                  build/stm32f0xx_hal_gpio.o
                                                  build/main.o
HAL_GPIO_TogglePin                                build/stm32f0xx_hal_gpio.o
HAL_GPIO_WritePin                                 build/stm32f0xx_hal_gpio.o
HAL_GetDEVID                                      build/stm32f0xx_hal.o
HAL_GetHalVersion                                 build/stm32f0xx_hal.o
HAL_GetREVID                                      build/stm32f0xx_hal.o
HAL_GetTick                                       build/stm32f0xx_hal.o
                                                  build/stm32f0xx_hal_flash.o
                                                  build/stm32f0xx_hal_dma.o
                                                  build/stm32f0xx_hal_rcc_ex.o
                                                  build/stm32f0xx_hal_rcc.o
                                                  build/stm32f0xx_hal_iwdg.o
                                                  build/stm32f0xx_hal_i2c.o
                                                  build/stm32f0xx_hal_adc_ex.o
                                                  build/stm32f0xx_hal_adc.o
HAL_GetUIDw0                                      build/stm32f0xx_hal.o
HAL_GetUIDw1                                      build/stm32f0xx_hal.o
HAL_GetUIDw2                                      build/stm32f0xx_hal.o
HAL_I2CEx_ConfigAnalogFilter                      build/stm32f0xx_hal_i2c_ex.o
                                                  build/main.o
HAL_I2CEx_ConfigDigitalFilter                     build/stm32f0xx_hal_i2c_ex.o
                                                  build/main.o
HAL_I2CEx_DisableFastModePlus                     build/stm32f0xx_hal_i2c_ex.o
HAL_I2CEx_DisableWakeUp                           build/stm32f0xx_hal_i2c_ex.o
HAL_I2CEx_EnableFastModePlus                      build/stm32f0xx_hal_i2c_ex.o
HAL_I2CEx_EnableWakeUp                            build/stm32f0xx_hal_i2c_ex.o